ASxxxx Linker V03.00/V05.40 + sdld,  page 1.
Hexadecimal  [32-Bits]

Area                                    Addr        Size        Decimal Bytes (Attributes)
--------------------------------        ----        ----        ------- ----- ------------
.  .ABS.                            00000000    00000000 =           0. bytes (ABS,CON)

      Value  Global                              Global Defined In Module
      -----  --------------------------------   ------------------------
     00000000  .__.ABS.                           
     00000000  _rRAMG                             
     00000000  l__BASE                         
     00000000  l__BSS                          
     00000000  l__CABS                         
     00000000  l__CODE_0                       
     00000000  l__CRASH_HEADER                 
     00000000  l__CRASH_SCRATCH                
     00000000  l__DABS                         
     00000000  l__HEADER                       
     00000000  l__HEADER_LCD                   
     00000000  l__HEADER_SIO                   
     00000000  l__HEADER_TIMER                 
     00000000  l__HEAP                         
     00000000  l__HEAP_END                     
     00000000  l__HRAM                         
     00000000  l__LIT                          
     00000000  s__CABS                         
     00000000  s__CRASH_HEADER                 
     00000000  s__CRASH_HEADER0                
     00000000  s__CRASH_HEADER1                
     00000000  s__CRASH_SCRATCH                
     00000000  s__CRASH_SCRATCH2               
     00000000  s__DABS                         
     00000000  s__HEADER                       
     00000000  s__HEADER0                      
     00000000  s__HEADER1                      
     00000000  s__HEADER10                     
     00000000  s__HEADER11                     
     00000000  s__HEADER2                      
     00000000  s__HEADER3                      
     00000000  s__HEADER4                      
     00000000  s__HEADER5                      
     00000000  s__HEADER6                      
     00000000  s__HEADER7                      
     00000000  s__HEADER8                      
     00000000  s__HEADER9                      
     00000000  s__HEADER_LCD                   
     00000000  s__HEADER_LCD0                  
     00000000  s__HEADER_SIO                   
     00000000  s__HEADER_SIO0                  
     00000000  s__HEADER_TIMER                 
     00000000  s__HEADER_TIMER0                
     00000000  s__HEADERa                      
     00000000  s__HEADERb                      
     00000000  s__HEADERc                      
     00000000  s__HEADERd                      
     00000000  s__HEADERe                      
     00000000  s__HEADERf                      
     00000000  s__HRAM                         
ASxxxx Linker V03.00/V05.40 + sdld,  page 2.
Hexadecimal  [32-Bits]

Area                                    Addr        Size        Decimal Bytes (Attributes)
--------------------------------        ----        ----        ------- ----- ------------
.  .ABS.                            00000000    00000000 =           0. bytes (ABS,CON)

      Value  Global                              Global Defined In Module
      -----  --------------------------------   ------------------------
     00000000  s__HRAM12                       
     00000001  ___bank_SGB_border_chr             border
     00000001  ___bank_SGB_border_map             border
     00000001  ___bank_SGB_border_pal             border
     00000001  ___bank_VM_SGB                     vm_sgb
     00000001  ___bank_scene_0_triggers           scene_0_triggers
     00000001  ___bank_script_6                   script_6
     00000001  b_platform_init                    platform
     00000001  b_platform_update                  platform
     00000001  b_ui_draw_frame                    ui
     00000001  b_ui_draw_text_buffer_char         ui
     00000001  b_ui_init                          ui
     00000001  b_ui_load_tiles                    ui
     00000001  b_ui_run_menu                      ui
     00000001  b_ui_run_modal                     ui
     00000001  b_ui_set_start_tile                ui
     00000001  l__GSFINAL                      
     00000001  l__HEADER0                      
     00000001  l__HEADER5                      
     00000001  l__HEADERa                      
     00000001  l__HEADERb                      
     00000001  l__HEADERc                      
     00000001  l__HEADERe                      
     00000001  l__HEADERf                      
     00000002  ___bank_ACTOR                      actor
     00000002  ___bank_VM_ACTOR                   vm_actor
     00000002  ___bank_VM_MAIN                    vm
     00000002  ___bank_actor_9_interact           actor_9_interact
     00000002  ___bank_bg_casadefault3_tileset    bg_casadefault3_tileset
     00000002  b_activate_actor                   actor
     00000002  b_activate_actors_in_col           actor
     00000002  b_activate_actors_in_row           actor
     00000002  b_actor_at_tile                    actor
     00000002  b_actor_get_frame_offset           actor
     00000002  b_actor_in_front_of_player         actor
     00000002  b_actor_overlapping_bb             actor
     00000002  b_actor_overlapping_player         actor
     00000002  b_actor_set_anim_idle              actor
     00000002  b_actor_set_anim_moving            actor
     00000002  b_actor_set_dir                    actor
     00000002  b_actor_set_frame_offset           actor
     00000002  b_actor_set_frames                 actor
     00000002  b_actors_handle_player_collision   actor
     00000002  b_actors_init                      actor
     00000002  b_check_collision_in_direction     actor
     00000002  b_deactivate_actor                 actor
     00000002  b_player_init                      actor
     00000002  b_script_detach_hthread            vm
     00000002  b_script_execute                   vm
     00000002  b_script_runner_init               vm
     00000002  b_script_terminate                 vm
ASxxxx Linker V03.00/V05.40 + sdld,  page 3.
Hexadecimal  [32-Bits]

Area                                    Addr        Size        Decimal Bytes (Attributes)
--------------------------------        ----        ----        ------- ----- ------------
.  .ABS.                            00000000    00000000 =           0. bytes (ABS,CON)

      Value  Global                              Global Defined In Module
      -----  --------------------------------   ------------------------
     00000002  b_vm_actor_activate                vm_actor
     00000002  b_vm_actor_begin_update            vm_actor
     00000002  b_vm_actor_deactivate              vm_actor
     00000002  b_vm_actor_emote                   vm_actor
     00000002  b_vm_actor_get_angle               vm_actor
     00000002  b_vm_actor_get_anim_frame          vm_actor
     00000002  b_vm_actor_get_dir                 vm_actor
     00000002  b_vm_actor_get_pos                 vm_actor
     00000002  b_vm_actor_move_cancel             vm_actor
     00000002  b_vm_actor_move_to                 vm_actor
     00000002  b_vm_actor_replace_tile            vm_actor
     00000002  b_vm_actor_set_anim                vm_actor
     00000002  b_vm_actor_set_anim_frame          vm_actor
     00000002  b_vm_actor_set_anim_set            vm_actor
     00000002  b_vm_actor_set_anim_tick           vm_actor
     00000002  b_vm_actor_set_bounds              vm_actor
     00000002  b_vm_actor_set_dir                 vm_actor
     00000002  b_vm_actor_set_flags               vm_actor
     00000002  b_vm_actor_set_move_speed          vm_actor
     00000002  b_vm_actor_set_pos                 vm_actor
     00000002  b_vm_actor_set_spritesheet         vm_actor
     00000002  b_vm_actor_set_spritesheet_by_re   vm_actor
     00000002  b_vm_actor_terminate_update        vm_actor
     00000002  b_vm_call                          vm
     00000002  b_vm_call_far                      vm
     00000002  b_vm_get_indirect                  vm
     00000002  b_vm_get_int16                     vm
     00000002  b_vm_get_int8                      vm
     00000002  b_vm_get_tlocal                    vm
     00000002  b_vm_get_uint8                     vm
     00000002  b_vm_idle                          vm
     00000002  b_vm_if                            vm
     00000002  b_vm_if_const                      vm
     00000002  b_vm_init_rng                      vm
     00000002  b_vm_invoke                        vm
     00000002  b_vm_join                          vm
     00000002  b_vm_jump                          vm
     00000002  b_vm_lock                          vm
     00000002  b_vm_loop                          vm
     00000002  b_vm_memcpy                        vm
     00000002  b_vm_memset                        vm
     00000002  b_vm_poll_loaded                   vm
     00000002  b_vm_pop                           vm
     00000002  b_vm_push                          vm
     00000002  b_vm_push_reference                vm
     00000002  b_vm_push_value                    vm
     00000002  b_vm_push_value_ind                vm
     00000002  b_vm_raise                         vm
     00000002  b_vm_rand                          vm
     00000002  b_vm_reserve                       vm
     00000002  b_vm_ret                           vm
ASxxxx Linker V03.00/V05.40 + sdld,  page 4.
Hexadecimal  [32-Bits]

Area                                    Addr        Size        Decimal Bytes (Attributes)
--------------------------------        ----        ----        ------- ----- ------------
.  .ABS.                            00000000    00000000 =           0. bytes (ABS,CON)

      Value  Global                              Global Defined In Module
      -----  --------------------------------   ------------------------
     00000002  b_vm_ret_far                       vm
     00000002  b_vm_set                           vm
     00000002  b_vm_set_const                     vm
     00000002  b_vm_set_const_int16               vm
     00000002  b_vm_set_const_int8                vm
     00000002  b_vm_set_indirect                  vm
     00000002  b_vm_set_int16                     vm
     00000002  b_vm_set_int8                      vm
     00000002  b_vm_set_uint8                     vm
     00000002  b_vm_terminate                     vm
     00000002  b_vm_test_terminate                vm
     00000002  b_vm_unlock                        vm
     00000002  b_wait_frames                      vm
     00000002  l__HEADER10                     
     00000002  l__HEADER6                      
     00000002  l__HEADERd                      
     00000003  ___bank_bg_scena1miriel_tilemap    bg_scena1miriel_tilemap
     00000003  ___bank_bg_scena1miriel_tilemap_   bg_scena1miriel_tilemap_attr
     00000003  ___bank_bg_scena1miriel_tileset    bg_scena1miriel_tileset
     00000003  ___bank_font_gbs_mono              font_gbs_mono
     00000003  ___bank_scene_10_sprites           scene_10_sprites
     00000003  ___bank_scene_2_collisions         scene_2_collisions
     00000003  ___bank_sprite_luponpc_tileset     sprite_luponpc_tileset
     00000003  b_logo_init                        logo
     00000003  b_logo_update                      logo
     00000003  l__HEADER9                      
     00000003  l__HEADER_LCD0                  
     00000003  l__HRAM12                       
     00000004  ___bank_VM_UI                      vm_ui
     00000004  ___bank_actor_4_interact           actor_4_interact
     00000004  ___bank_bg_casadefault_tileset     bg_casadefault_tileset
     00000004  ___bank_bg_guardianovillaggio1_t   bg_guardianovillaggio1_tiles
     00000004  ___bank_bg_viaggiorapidovillaggi   bg_viaggiorapidovillaggio1_t
     00000004  b_adventure_init                   adventure
     00000004  b_adventure_update                 adventure
     00000004  b_do_load_palette                  data_manager
     00000004  b_load_background                  data_manager
     00000004  b_load_bkg_tileset                 data_manager
     00000004  b_load_bounds                      data_manager
     00000004  b_load_emote                       data_manager
     00000004  b_load_init                        data_manager
     00000004  b_load_player                      data_manager
     00000004  b_load_scene                       data_manager
     00000004  b_load_sprite                      data_manager
     00000004  b_scroll_init                      scroll
     00000004  b_scroll_repaint                   scroll
     00000004  b_scroll_reset                     scroll
     00000004  b_scroll_update                    scroll
     00000004  b_shmup_init                       shmup
     00000004  b_shmup_update                     shmup
     00000004  b_vm_choice                        vm_ui
ASxxxx Linker V03.00/V05.40 + sdld,  page 5.
Hexadecimal  [32-Bits]

Area                                    Addr        Size        Decimal Bytes (Attributes)
--------------------------------        ----        ----        ------- ----- ------------
.  .ABS.                            00000000    00000000 =           0. bytes (ABS,CON)

      Value  Global                              Global Defined In Module
      -----  --------------------------------   ------------------------
     00000004  b_vm_display_text                  vm_ui
     00000004  b_vm_overlay_clear                 vm_ui
     00000004  b_vm_overlay_move_to               vm_ui
     00000004  b_vm_overlay_scroll                vm_ui
     00000004  b_vm_overlay_set_map               vm_ui
     00000004  b_vm_overlay_set_scroll            vm_ui
     00000004  b_vm_overlay_set_submap            vm_ui
     00000004  b_vm_overlay_set_submap_ex         vm_ui
     00000004  b_vm_overlay_setpos                vm_ui
     00000004  b_vm_overlay_show                  vm_ui
     00000004  b_vm_overlay_wait                  vm_ui
     00000004  b_vm_set_font                      vm_ui
     00000004  b_vm_set_text_sound                vm_ui
     00000004  b_vm_switch_text_layer             vm_ui
     00000004  l__CRASH_HEADER1                
     00000004  l__HEADER_SIO0                  
     00000004  l__HEADER_TIMER0                
     00000005  ___bank_VM_GAMEBOY                 vm_gameboy
     00000005  ___bank_bg_casadefault2_tileset    bg_casadefault2_tileset
     00000005  ___bank_bg_casafabbro_tileset      bg_casafabbro_tileset
     00000005  ___bank_bg_casamiriel_tileset      bg_casamiriel_tileset
     00000005  ___bank_bg_casasindaco_tileset     bg_casasindaco_tileset
     00000005  ___bank_bg_libreria_tileset        bg_libreria_tileset
     00000005  ___bank_bg_locanda_tileset         bg_locanda_tileset
     00000005  ___bank_bg_logo_tileset            bg_logo_tileset
     00000005  ___bank_script_11                  script_11
     00000005  b_core_reset                       core
     00000005  b_core_run                         core
     00000005  b_pointnclick_init                 pointnclick
     00000005  b_pointnclick_update               pointnclick
     00000005  b_projectile_launch                projectiles
     00000005  b_projectiles_init                 projectiles
     00000005  b_topdown_init                     topdown
     00000005  b_topdown_update                   topdown
     00000005  b_vm_context_prepare               vm_gameboy
     00000005  b_vm_fade                          vm_gameboy
     00000005  b_vm_get_tile_xy                   vm_gameboy
     00000005  b_vm_input_attach                  vm_gameboy
     00000005  b_vm_input_detach                  vm_gameboy
     00000005  b_vm_input_get                     vm_gameboy
     00000005  b_vm_input_wait                    vm_gameboy
     00000005  b_vm_load_tiles                    vm_gameboy
     00000005  b_vm_load_tileset                  vm_gameboy
     00000005  b_vm_poll                          vm_gameboy
     00000005  b_vm_replace_tile                  vm_gameboy
     00000005  b_vm_replace_tile_xy               vm_gameboy
     00000005  b_vm_rumble                        vm_gameboy
     00000005  b_vm_set_sprite_mode               vm_gameboy
     00000005  b_vm_set_sprites_visible           vm_gameboy
     00000005  b_vm_timer_prepare                 vm_gameboy
     00000005  b_vm_timer_reset                   vm_gameboy
ASxxxx Linker V03.00/V05.40 + sdld,  page 6.
Hexadecimal  [32-Bits]

Area                                    Addr        Size        Decimal Bytes (Attributes)
--------------------------------        ----        ----        ------- ----- ------------
.  .ABS.                            00000000    00000000 =           0. bytes (ABS,CON)

      Value  Global                              Global Defined In Module
      -----  --------------------------------   ------------------------
     00000005  b_vm_timer_set                     vm_gameboy
     00000005  b_vm_timer_stop                    vm_gameboy
     00000005  l__CRASH_HEADER0                
     00000005  l__HEADER1                      
     00000006  ___bank_VM_CAMERA                  vm_camera
     00000006  ___bank_VM_SIO                     vm_sio
     00000006  ___bank_bg_campana_tilemap_attr    bg_campana_tilemap_attr
     00000006  ___bank_bg_campana_tileset         bg_campana_tileset
     00000006  ___bank_bg_guardianovillaggio1_t   bg_guardianovillaggio1_tilem
     00000006  ___bank_bg_guardianovillaggio1_t   bg_guardianovillaggio1_tilem
     00000006  ___bank_bg_locanda_tilemap_attr    bg_locanda_tilemap_attr
     00000006  ___bank_bg_stanzalocanda2_tilese   bg_stanzalocanda2_tileset
     00000006  ___bank_bg_stanzalocanda_tileset   bg_stanzalocanda_tileset
     00000006  ___bank_bg_stanzalocandaribaltat   bg_stanzalocandaribaltata2_t
     00000006  ___bank_bg_stanzalocandaribaltat   bg_stanzalocandaribaltata_ti
     00000006  ___bank_bg_viaggiorapidovillaggi   bg_viaggiorapidovillaggio1_t
     00000006  ___bank_bg_viaggiorapidovillaggi   bg_viaggiorapidovillaggio1_t
     00000006  ___bank_scene_0_collisions         scene_0_collisions
     00000006  ___bank_scene_4_collisions         scene_4_collisions
     00000006  ___bank_script_2                   script_2
     00000006  b___HandleCrash_banked             
     00000006  b_atan2                            math_atan2
     00000006  b_camera_shake_frames              vm_camera
     00000006  b_data_clear                       load_save
     00000006  b_data_init                        load_save
     00000006  b_data_load                        load_save
     00000006  b_data_peek                        load_save
     00000006  b_data_save                        load_save
     00000006  b_gbprinter_detect                 gbprinter
     00000006  b_gbprinter_print_overlay          gbprinter
     00000006  b_trigger_activate_at              trigger
     00000006  b_trigger_activate_at_intersecti   trigger
     00000006  b_trigger_at_intersection          trigger
     00000006  b_trigger_at_tile                  trigger
     00000006  b_trigger_interact                 trigger
     00000006  b_trigger_reset                    trigger
     00000006  b_vm_camera_move_to                vm_camera
     00000006  b_vm_camera_set_pos                vm_camera
     00000006  b_vm_sio_exchange                  vm_sio
     00000006  b_vm_sio_set_mode                  vm_sio
     00000006  l__HEADER8                      
     00000007  ___bank_VM_GBPRINTER               vm_gbprinter
     00000007  ___bank_VM_PALETTE                 vm_palette
     00000007  ___bank_bg_campana_tilemap         bg_campana_tilemap
     00000007  ___bank_bg_campanilescala_tilema   bg_campanilescala_tilemap
     00000007  ___bank_bg_campanilescala_tilema   bg_campanilescala_tilemap_at
     00000007  ___bank_bg_campanilescala_tilese   bg_campanilescala_tileset
     00000007  ___bank_bg_casadefault2_tilemap    bg_casadefault2_tilemap
     00000007  ___bank_bg_casadefault2_tilemap_   bg_casadefault2_tilemap_attr
     00000007  ___bank_bg_casadefault3_tilemap    bg_casadefault3_tilemap
     00000007  ___bank_bg_casadefault3_tilemap_   bg_casadefault3_tilemap_attr
ASxxxx Linker V03.00/V05.40 + sdld,  page 7.
Hexadecimal  [32-Bits]

Area                                    Addr        Size        Decimal Bytes (Attributes)
--------------------------------        ----        ----        ------- ----- ------------
.  .ABS.                            00000000    00000000 =           0. bytes (ABS,CON)

      Value  Global                              Global Defined In Module
      -----  --------------------------------   ------------------------
     00000007  ___bank_bg_casadefault_tilemap     bg_casadefault_tilemap
     00000007  ___bank_bg_casadefault_tilemap_a   bg_casadefault_tilemap_attr
     00000007  ___bank_bg_casafabbro_tilemap      bg_casafabbro_tilemap
     00000007  ___bank_bg_casafabbro_tilemap_at   bg_casafabbro_tilemap_attr
     00000007  ___bank_bg_casamiriel_tilemap      bg_casamiriel_tilemap
     00000007  ___bank_bg_casamiriel_tilemap_at   bg_casamiriel_tilemap_attr
     00000007  ___bank_bg_casasindaco_tilemap     bg_casasindaco_tilemap
     00000007  ___bank_bg_casasindaco_tilemap_a   bg_casasindaco_tilemap_attr
     00000007  ___bank_bg_libreria_tilemap        bg_libreria_tilemap
     00000007  ___bank_bg_libreria_tilemap_attr   bg_libreria_tilemap_attr
     00000007  ___bank_bg_locanda_tilemap         bg_locanda_tilemap
     00000007  ___bank_bg_logo_tilemap            bg_logo_tilemap
     00000007  ___bank_bg_logo_tilemap_attr       bg_logo_tilemap_attr
     00000007  ___bank_bg_stanzalocanda2_tilema   bg_stanzalocanda2_tilemap
     00000007  ___bank_bg_stanzalocanda2_tilema   bg_stanzalocanda2_tilemap_at
     00000007  ___bank_bg_stanzalocanda_tilemap   bg_stanzalocanda_tilemap
     00000007  ___bank_bg_stanzalocanda_tilemap   bg_stanzalocanda_tilemap_att
     00000007  ___bank_bg_stanzalocandaribaltat   bg_stanzalocandaribaltata2_t
     00000007  ___bank_bg_stanzalocandaribaltat   bg_stanzalocandaribaltata2_t
     00000007  ___bank_bg_stanzalocandaribaltat   bg_stanzalocandaribaltata_ti
     00000007  ___bank_bg_stanzalocandaribaltat   bg_stanzalocandaribaltata_ti
     00000007  ___bank_scene_14_collisions        scene_14_collisions
     00000007  ___bank_scene_17_collisions        scene_17_collisions
     00000007  ___bank_scene_5_collisions         scene_5_collisions
     00000007  ___bank_scene_6_collisions         scene_6_collisions
     00000007  ___bank_scene_6_sprites            scene_6_sprites
     00000007  ___bank_sprite_mirielanimated_ti   sprite_mirielanimated_tilese
     00000007  ___bank_sprite_mirielanimatedswo   sprite_mirielanimatedsword_t
     00000007  b_fade_applypalettechange          fade_manager
     00000007  b_fade_in                          fade_manager
     00000007  b_fade_in_modal                    fade_manager
     00000007  b_fade_init                        fade_manager
     00000007  b_fade_out                         fade_manager
     00000007  b_fade_out_modal                   fade_manager
     00000007  b_fade_setspeed                    fade_manager
     00000007  b_fade_update                      fade_manager
     00000007  b_set_sgb_border                   sgb_border
     00000007  b_vm_load_palette                  vm_palette
     00000007  b_vm_print_detect                  vm_gbprinter
     00000007  b_vm_print_overlay                 vm_gbprinter
     00000007  l__HEADER2                      
     00000008  ___bank_VM_LOAD_SAVE               vm_load_save
     00000008  ___bank_VM_MATH                    vm_math
     00000008  ___bank_VM_MUSIC                   vm_music
     00000008  ___bank_VM_PROJECTILE              vm_projectiles
     00000008  ___bank_VM_RTC                     vm_rtc
     00000008  ___bank_VM_SCENE                   vm_scene
     00000008  ___bank_actor_22_interact          actor_22_interact
     00000008  ___bank_actor_23_interact          actor_23_interact
     00000008  ___bank_actor_24_interact          actor_24_interact
     00000008  ___bank_actor_5_interact           actor_5_interact
ASxxxx Linker V03.00/V05.40 + sdld,  page 8.
Hexadecimal  [32-Bits]

Area                                    Addr        Size        Decimal Bytes (Attributes)
--------------------------------        ----        ----        ------- ----- ------------
.  .ABS.                            00000000    00000000 =           0. bytes (ABS,CON)

      Value  Global                              Global Defined In Module
      -----  --------------------------------   ------------------------
     00000008  ___bank_actor_6_interact           actor_6_interact
     00000008  ___bank_actor_8_interact           actor_8_interact
     00000008  ___bank_bg_water_tilemap           bg_water_tilemap
     00000008  ___bank_frame_image                frame_image
     00000008  ___bank_palette_0                  palette_0
     00000008  ___bank_palette_1                  palette_1
     00000008  ___bank_palette_10                 palette_10
     00000008  ___bank_palette_11                 palette_11
     00000008  ___bank_palette_12                 palette_12
     00000008  ___bank_palette_13                 palette_13
     00000008  ___bank_palette_14                 palette_14
     00000008  ___bank_scene_0_actors             scene_0_actors
     00000008  ___bank_scene_0_p_hit1             scene_0_p_hit1
     00000008  ___bank_scene_0_projectiles        scene_0_projectiles
     00000008  ___bank_scene_10_collisions        scene_10_collisions
     00000008  ___bank_scene_11_collisions        scene_11_collisions
     00000008  ___bank_scene_12_collisions        scene_12_collisions
     00000008  ___bank_scene_13_collisions        scene_13_collisions
     00000008  ___bank_scene_14_actors            scene_14_actors
     00000008  ___bank_scene_15_actors            scene_15_actors
     00000008  ___bank_scene_15_collisions        scene_15_collisions
     00000008  ___bank_scene_16_collisions        scene_16_collisions
     00000008  ___bank_scene_18_collisions        scene_18_collisions
     00000008  ___bank_scene_1_collisions         scene_1_collisions
     00000008  ___bank_scene_1_init               scene_1_init
     00000008  ___bank_scene_2_actors             scene_2_actors
     00000008  ___bank_scene_2_p_hit1             scene_2_p_hit1
     00000008  ___bank_scene_2_projectiles        scene_2_projectiles
     00000008  ___bank_scene_2_triggers           scene_2_triggers
     00000008  ___bank_scene_4_p_hit1             scene_4_p_hit1
     00000008  ___bank_scene_4_projectiles        scene_4_projectiles
     00000008  ___bank_scene_6_actors             scene_6_actors
     00000008  ___bank_scene_7_collisions         scene_7_collisions
     00000008  ___bank_scene_8_collisions         scene_8_collisions
     00000008  ___bank_scene_9_collisions         scene_9_collisions
     00000008  ___bank_script_0                   script_0
     00000008  ___bank_script_1                   script_1
     00000008  ___bank_script_10                  script_10
     00000008  ___bank_script_13                  script_13
     00000008  ___bank_script_17                  script_17
     00000008  ___bank_script_18                  script_18
     00000008  ___bank_script_3                   script_3
     00000008  ___bank_script_5                   script_5
     00000008  ___bank_script_7                   script_7
     00000008  ___bank_script_8                   script_8
     00000008  ___bank_script_9                   script_9
     00000008  ___bank_script_engine_init         
     00000008  ___bank_script_input_0             script_input_0
     00000008  ___bank_script_input_1             script_input_1
     00000008  ___bank_script_input_10            script_input_10
     00000008  ___bank_script_input_11            script_input_11
ASxxxx Linker V03.00/V05.40 + sdld,  page 9.
Hexadecimal  [32-Bits]

Area                                    Addr        Size        Decimal Bytes (Attributes)
--------------------------------        ----        ----        ------- ----- ------------
.  .ABS.                            00000000    00000000 =           0. bytes (ABS,CON)

      Value  Global                              Global Defined In Module
      -----  --------------------------------   ------------------------
     00000008  ___bank_script_input_12            script_input_12
     00000008  ___bank_script_input_13            script_input_13
     00000008  ___bank_script_input_14            script_input_14
     00000008  ___bank_script_input_15            script_input_15
     00000008  ___bank_script_input_16            script_input_16
     00000008  ___bank_script_input_17            script_input_17
     00000008  ___bank_script_input_3             script_input_3
     00000008  ___bank_script_input_4             script_input_4
     00000008  ___bank_script_input_5             script_input_5
     00000008  ___bank_script_input_6             script_input_6
     00000008  ___bank_script_input_7             script_input_7
     00000008  ___bank_script_input_8             script_input_8
     00000008  ___bank_script_input_9             script_input_9
     00000008  ___bank_script_timer_1             script_timer_1
     00000008  ___bank_sprite_cultistaanimated    sprite_cultistaanimated
     00000008  ___bank_sprite_cultistaanimated_   sprite_cultistaanimated_tile
     00000008  ___bank_sprite_cuoremiriel         sprite_cuoremiriel
     00000008  ___bank_sprite_cuoremiriel_tiles   sprite_cuoremiriel_tileset
     00000008  ___bank_sprite_fabbrostatic_tile   sprite_fabbrostatic_tileset
     00000008  ___bank_sprite_luponpc             sprite_luponpc
     00000008  ___bank_sprite_mirielanimated      sprite_mirielanimated
     00000008  ___bank_sprite_mirielanimatedswo   sprite_mirielanimatedsword
     00000008  b_CGBZeroPalette                   palette
     00000008  b_SGBTransferPalettes              palette
     00000008  b_erase_flash                      
     00000008  b_events_init                      events
     00000008  b_itoa_fmt                         vm_ui_a
     00000008  b_music_events_poll                music_manager
     00000008  b_music_init_driver                music_manager
     00000008  b_music_init_events                music_manager
     00000008  b_palette_init                     palette
     00000008  b_restore_sram                     flasher
     00000008  b_restore_sram_bank                flasher
     00000008  b_save_sram                        flasher
     00000008  b_save_sram_banks                  
     00000008  b_timers_init                      events
     00000008  b_vm_cos_scale                     vm_math
     00000008  b_vm_music_mute                    vm_music
     00000008  b_vm_music_play                    vm_music
     00000008  b_vm_music_routine                 vm_music
     00000008  b_vm_music_setpos                  vm_music
     00000008  b_vm_music_stop                    vm_music
     00000008  b_vm_projectile_launch             vm_projectiles
     00000008  b_vm_projectile_load_type          vm_projectiles
     00000008  b_vm_rtc_get                       vm_rtc
     00000008  b_vm_rtc_latch                     vm_rtc
     00000008  b_vm_rtc_set                       vm_rtc
     00000008  b_vm_rtc_start                     vm_rtc
     00000008  b_vm_save_clear                    vm_load_save
     00000008  b_vm_save_peek                     vm_load_save
     00000008  b_vm_scene_pop                     vm_scene
ASxxxx Linker V03.00/V05.40 + sdld,  page 10.
Hexadecimal  [32-Bits]

Area                                    Addr        Size        Decimal Bytes (Attributes)
--------------------------------        ----        ----        ------- ----- ------------
.  .ABS.                            00000000    00000000 =           0. bytes (ABS,CON)

      Value  Global                              Global Defined In Module
      -----  --------------------------------   ------------------------
     00000008  b_vm_scene_pop_all                 vm_scene
     00000008  b_vm_scene_push                    vm_scene
     00000008  b_vm_scene_stack_reset             vm_scene
     00000008  b_vm_sfx_play                      vm_music
     00000008  b_vm_sin_scale                     vm_math
     00000008  b_vm_sound_mastervol               vm_music
     00000008  l__HEADER3                      
     00000009  ___bank_actor_21_interact          actor_21_interact
     00000009  ___bank_actor_4_update             actor_4_update
     00000009  ___bank_bg_campana                 bg_campana
     00000009  ___bank_bg_campanilescala          bg_campanilescala
     00000009  ___bank_bg_casadefault             bg_casadefault
     00000009  ___bank_bg_casadefault2            bg_casadefault2
     00000009  ___bank_bg_casadefault3            bg_casadefault3
     00000009  ___bank_bg_casafabbro              bg_casafabbro
     00000009  ___bank_bg_casamiriel              bg_casamiriel
     00000009  ___bank_bg_casasindaco             bg_casasindaco
     00000009  ___bank_bg_guardianovillaggio1     bg_guardianovillaggio1
     00000009  ___bank_bg_libreria                bg_libreria
     00000009  ___bank_bg_locanda                 bg_locanda
     00000009  ___bank_bg_logo                    bg_logo
     00000009  ___bank_bg_scena1miriel            bg_scena1miriel
     00000009  ___bank_bg_stanzalocanda           bg_stanzalocanda
     00000009  ___bank_bg_stanzalocanda2          bg_stanzalocanda2
     00000009  ___bank_bg_stanzalocandaribaltat   bg_stanzalocandaribaltata
     00000009  ___bank_bg_stanzalocandaribaltat   bg_stanzalocandaribaltata2
     00000009  ___bank_bg_viaggiorapidovillaggi   bg_viaggiorapidovillaggio1
     00000009  ___bank_bg_water                   bg_water
     00000009  ___bank_bg_water_tileset           bg_water_tileset
     00000009  ___bank_bootstrap_script           
     00000009  ___bank_cursor_image               cursor_image
     00000009  ___bank_palette_15                 palette_15
     00000009  ___bank_palette_16                 palette_16
     00000009  ___bank_palette_17                 palette_17
     00000009  ___bank_palette_18                 palette_18
     00000009  ___bank_palette_19                 palette_19
     00000009  ___bank_palette_2                  palette_2
     00000009  ___bank_palette_3                  palette_3
     00000009  ___bank_palette_4                  palette_4
     00000009  ___bank_palette_5                  palette_5
     00000009  ___bank_palette_6                  palette_6
     00000009  ___bank_palette_7                  palette_7
     00000009  ___bank_palette_8                  palette_8
     00000009  ___bank_palette_9                  palette_9
     00000009  ___bank_scene_0                    scene_0
     00000009  ___bank_scene_0_init               scene_0_init
     00000009  ___bank_scene_0_sprites            scene_0_sprites
     00000009  ___bank_scene_1                    scene_1
     00000009  ___bank_scene_10                   scene_10
     00000009  ___bank_scene_10_actors            scene_10_actors
     00000009  ___bank_scene_10_init              scene_10_init
ASxxxx Linker V03.00/V05.40 + sdld,  page 11.
Hexadecimal  [32-Bits]

Area                                    Addr        Size        Decimal Bytes (Attributes)
--------------------------------        ----        ----        ------- ----- ------------
.  .ABS.                            00000000    00000000 =           0. bytes (ABS,CON)

      Value  Global                              Global Defined In Module
      -----  --------------------------------   ------------------------
     00000009  ___bank_scene_10_triggers          scene_10_triggers
     00000009  ___bank_scene_11                   scene_11
     00000009  ___bank_scene_11_actors            scene_11_actors
     00000009  ___bank_scene_11_init              scene_11_init
     00000009  ___bank_scene_11_sprites           scene_11_sprites
     00000009  ___bank_scene_11_triggers          scene_11_triggers
     00000009  ___bank_scene_12                   scene_12
     00000009  ___bank_scene_12_actors            scene_12_actors
     00000009  ___bank_scene_12_init              scene_12_init
     00000009  ___bank_scene_12_sprites           scene_12_sprites
     00000009  ___bank_scene_12_triggers          scene_12_triggers
     00000009  ___bank_scene_13                   scene_13
     00000009  ___bank_scene_13_actors            scene_13_actors
     00000009  ___bank_scene_13_init              scene_13_init
     00000009  ___bank_scene_13_sprites           scene_13_sprites
     00000009  ___bank_scene_13_triggers          scene_13_triggers
     00000009  ___bank_scene_14                   scene_14
     00000009  ___bank_scene_14_init              scene_14_init
     00000009  ___bank_scene_14_sprites           scene_14_sprites
     00000009  ___bank_scene_14_triggers          scene_14_triggers
     00000009  ___bank_scene_15                   scene_15
     00000009  ___bank_scene_15_init              scene_15_init
     00000009  ___bank_scene_15_sprites           scene_15_sprites
     00000009  ___bank_scene_15_triggers          scene_15_triggers
     00000009  ___bank_scene_16                   scene_16
     00000009  ___bank_scene_16_actors            scene_16_actors
     00000009  ___bank_scene_16_init              scene_16_init
     00000009  ___bank_scene_16_sprites           scene_16_sprites
     00000009  ___bank_scene_16_triggers          scene_16_triggers
     00000009  ___bank_scene_17                   scene_17
     00000009  ___bank_scene_17_actors            scene_17_actors
     00000009  ___bank_scene_17_init              scene_17_init
     00000009  ___bank_scene_17_sprites           scene_17_sprites
     00000009  ___bank_scene_17_triggers          scene_17_triggers
     00000009  ___bank_scene_18                   scene_18
     00000009  ___bank_scene_18_actors            scene_18_actors
     00000009  ___bank_scene_18_init              scene_18_init
     00000009  ___bank_scene_18_sprites           scene_18_sprites
     00000009  ___bank_scene_18_triggers          scene_18_triggers
     00000009  ___bank_scene_2                    scene_2
     00000009  ___bank_scene_2_init               scene_2_init
     00000009  ___bank_scene_2_sprites            scene_2_sprites
     00000009  ___bank_scene_4                    scene_4
     00000009  ___bank_scene_4_actors             scene_4_actors
     00000009  ___bank_scene_4_init               scene_4_init
     00000009  ___bank_scene_4_sprites            scene_4_sprites
     00000009  ___bank_scene_4_triggers           scene_4_triggers
     00000009  ___bank_scene_5                    scene_5
     00000009  ___bank_scene_5_actors             scene_5_actors
     00000009  ___bank_scene_5_init               scene_5_init
     00000009  ___bank_scene_5_sprites            scene_5_sprites
ASxxxx Linker V03.00/V05.40 + sdld,  page 12.
Hexadecimal  [32-Bits]

Area                                    Addr        Size        Decimal Bytes (Attributes)
--------------------------------        ----        ----        ------- ----- ------------
.  .ABS.                            00000000    00000000 =           0. bytes (ABS,CON)

      Value  Global                              Global Defined In Module
      -----  --------------------------------   ------------------------
     00000009  ___bank_scene_5_triggers           scene_5_triggers
     00000009  ___bank_scene_6                    scene_6
     00000009  ___bank_scene_6_init               scene_6_init
     00000009  ___bank_scene_6_triggers           scene_6_triggers
     00000009  ___bank_scene_7                    scene_7
     00000009  ___bank_scene_7_actors             scene_7_actors
     00000009  ___bank_scene_7_init               scene_7_init
     00000009  ___bank_scene_7_sprites            scene_7_sprites
     00000009  ___bank_scene_7_triggers           scene_7_triggers
     00000009  ___bank_scene_8                    scene_8
     00000009  ___bank_scene_8_actors             scene_8_actors
     00000009  ___bank_scene_8_init               scene_8_init
     00000009  ___bank_scene_8_sprites            scene_8_sprites
     00000009  ___bank_scene_8_triggers           scene_8_triggers
     00000009  ___bank_scene_9                    scene_9
     00000009  ___bank_scene_9_actors             scene_9_actors
     00000009  ___bank_scene_9_init               scene_9_init
     00000009  ___bank_scene_9_sprites            scene_9_sprites
     00000009  ___bank_scene_9_triggers           scene_9_triggers
     00000009  ___bank_script_12                  script_12
     00000009  ___bank_script_14                  script_14
     00000009  ___bank_script_15                  script_15
     00000009  ___bank_script_19                  script_19
     00000009  ___bank_script_input_2             script_input_2
     00000009  ___bank_script_timer_0             script_timer_0
     00000009  ___bank_sprite_blanktile           sprite_blanktile
     00000009  ___bank_sprite_blanktile_tileset   sprite_blanktile_tileset
     00000009  ___bank_sprite_cartello            sprite_cartello
     00000009  ___bank_sprite_cartello_tileset    sprite_cartello_tileset
     00000009  ___bank_sprite_fabbrostatic        sprite_fabbrostatic
     00000009  ___bank_sprite_spada               sprite_spada
     00000009  ___bank_sprite_spada1              sprite_spada1
     00000009  ___bank_sprite_spada1_tileset      sprite_spada1_tileset
     00000009  ___bank_sprite_spada_tileset       sprite_spada_tileset
     00000009  ___bank_sprite_spr10               sprite_spr10
     00000009  ___bank_sprite_spr10_tileset       sprite_spr10_tileset
     00000009  ___bank_sprite_spr12               sprite_spr12
     00000009  ___bank_sprite_spr12_tileset       sprite_spr12_tileset
     00000009  ___bank_spritesheet_none           spritesheet_none
     00000009  ___bank_trigger_0_interact         trigger_0_interact
     00000009  ___bank_trigger_10_interact        trigger_10_interact
     00000009  ___bank_trigger_12_interact        trigger_12_interact
     00000009  ___bank_trigger_13_interact        trigger_13_interact
     00000009  ___bank_trigger_14_interact        trigger_14_interact
     00000009  ___bank_trigger_16_interact        trigger_16_interact
     00000009  ___bank_trigger_17_interact        trigger_17_interact
     00000009  ___bank_trigger_18_interact        trigger_18_interact
     00000009  ___bank_trigger_19_interact        trigger_19_interact
     00000009  ___bank_trigger_1_interact         trigger_1_interact
     00000009  ___bank_trigger_20_interact        trigger_20_interact
     00000009  ___bank_trigger_21_interact        trigger_21_interact
ASxxxx Linker V03.00/V05.40 + sdld,  page 13.
Hexadecimal  [32-Bits]

Area                                    Addr        Size        Decimal Bytes (Attributes)
--------------------------------        ----        ----        ------- ----- ------------
.  .ABS.                            00000000    00000000 =           0. bytes (ABS,CON)

      Value  Global                              Global Defined In Module
      -----  --------------------------------   ------------------------
     00000009  ___bank_trigger_22_interact        trigger_22_interact
     00000009  ___bank_trigger_23_interact        trigger_23_interact
     00000009  ___bank_trigger_24_interact        trigger_24_interact
     00000009  ___bank_trigger_25_interact        trigger_25_interact
     00000009  ___bank_trigger_26_interact        trigger_26_interact
     00000009  ___bank_trigger_27_interact        trigger_27_interact
     00000009  ___bank_trigger_28_interact        trigger_28_interact
     00000009  ___bank_trigger_29_interact        trigger_29_interact
     00000009  ___bank_trigger_2_interact         trigger_2_interact
     00000009  ___bank_trigger_30_interact        trigger_30_interact
     00000009  ___bank_trigger_31_interact        trigger_31_interact
     00000009  ___bank_trigger_32_interact        trigger_32_interact
     00000009  ___bank_trigger_33_interact        trigger_33_interact
     00000009  ___bank_trigger_3_interact         trigger_3_interact
     00000009  ___bank_trigger_4_interact         trigger_4_interact
     00000009  ___bank_trigger_5_interact         trigger_5_interact
     00000009  ___bank_trigger_6_interact         trigger_6_interact
     00000009  ___bank_trigger_7_interact         trigger_7_interact
     00000009  ___bank_trigger_8_interact         trigger_8_interact
     00000009  ___bank_trigger_9_interact         trigger_9_interact
     00000009  b_SIO_init                         sio
     00000009  b_camera_init                      camera
     00000009  b_camera_reset                     camera
     00000009  b_input_init                       input
     00000009  b_parallax_init                    parallax
     00000009  b_remove_LCD_ISRs                  interrupts
     00000009  b_scroll_rect                      
     0000000C  __start_save                    
     0000001A  l__INITIALIZED                  
     0000001A  l__INITIALIZER                  
     00000027  l__GSINIT                       
     00000030  l__HEADER7                      
     00000060  l__HEADER4                      
     00000080  ___size_SGB_border_pal             border
     000000AB  l__HEADER11                     
     000001CB  l__CRASH_SCRATCH2               
     00000200  s__CODE                         
     00000700  ___size_SGB_border_map             border
     00000ECB  l__CODE                         
     000010CB  s__HOME                         
     00001280  ___size_SGB_border_chr             border
     000017F3  l__CODE_9                       
     00001992  l__DATA                         
     00002000  _rROMB0                            
     00002B07  l__HOME                         
     00003000  _rROMB1                            
     00003BD2  s__BASE                         
     00003BD2  s__CODE_0                       
     00003BD2  s__INITIALIZER                  
     00003BD2  s__LIT                          
     00003BEC  s__GSINIT                       
ASxxxx Linker V03.00/V05.40 + sdld,  page 14.
Hexadecimal  [32-Bits]

Area                                    Addr        Size        Decimal Bytes (Attributes)
--------------------------------        ----        ----        ------- ----- ------------
.  .ABS.                            00000000    00000000 =           0. bytes (ABS,CON)

      Value  Global                              Global Defined In Module
      -----  --------------------------------   ------------------------
     00003C13  s__GSFINAL                      
     00003FFE  l__CODE_2                       
     00003FFE  l__CODE_8                       
     00003FFF  l__CODE_6                       
     00004000  _RTC_SELECT_REG                    vm_rtc
     00004000  _rRAMB                             
     00004000  l__CODE_1                       
     00004000  l__CODE_3                       
     00004000  l__CODE_4                       
     00004000  l__CODE_5                       
     00004000  l__CODE_7                       
     00006000  _RTC_LATCH_REG                     vm_rtc
     00008000  __VRAM                             
     00008000  __VRAM8000                         
     00008800  __VRAM8800                         
     00009000  __VRAM9000                         
     00009800  __SCRN0                            
     00009C00  __SCRN1                            
     0000A000  _RTC_VALUE_REG                     vm_rtc
     0000A000  __SRAM                             
     0000C000  __RAM                              
     0000C000  _shadow_OAM                     
     0000C0A0  s__DATA                         
     0000D000  __RAMBANK                          
     0000DA32  s__BSS                          
     0000DA32  s__INITIALIZED                  
     0000DA4C  s__HEAP                         
     0000DA4C  s__HEAP_END                     
     0000DF00  .STACK                          
     0000DF00  _shadow_OAM2                       absolute
     0000DFA0  _BkgPalette                        absolute
     0000DFE0  _vwf_tile_data                     absolute
     0000FE00  __OAMRAM                           
     0000FF00  _P1_REG                            
     0000FF00  __IO                               
     0000FF01  _SB_REG                            
     0000FF02  _SC_REG                            
     0000FF04  _DIV_REG                           
     0000FF05  _TIMA_REG                          
     0000FF06  _TMA_REG                           
     0000FF07  _TAC_REG                           
     0000FF0F  _IF_REG                            
     0000FF10  _NR10_REG                          
     0000FF11  _NR11_REG                          
     0000FF12  _NR12_REG                          
     0000FF13  _NR13_REG                          
     0000FF14  _NR14_REG                          
     0000FF16  _NR21_REG                          
     0000FF17  _NR22_REG                          
     0000FF18  _NR23_REG                          
     0000FF19  _NR24_REG                          
ASxxxx Linker V03.00/V05.40 + sdld,  page 15.
Hexadecimal  [32-Bits]

Area                                    Addr        Size        Decimal Bytes (Attributes)
--------------------------------        ----        ----        ------- ----- ------------
.  .ABS.                            00000000    00000000 =           0. bytes (ABS,CON)

      Value  Global                              Global Defined In Module
      -----  --------------------------------   ------------------------
     0000FF1A  _NR30_REG                          
     0000FF1B  _NR31_REG                          
     0000FF1C  _NR32_REG                          
     0000FF1D  _NR33_REG                          
     0000FF1E  _NR34_REG                          
     0000FF20  _NR41_REG                          
     0000FF21  _NR42_REG                          
     0000FF22  _NR43_REG                          
     0000FF23  _NR44_REG                          
     0000FF24  _NR50_REG                          
     0000FF25  _NR51_REG                          
     0000FF26  _NR52_REG                          
     0000FF30  _AUD3WAVE                          
     0000FF30  _PCM_SAMPLE                        
     0000FF30  __AUD3WAVERAM                      
     0000FF40  _LCDC_REG                          
     0000FF41  _STAT_REG                          
     0000FF42  _SCY_REG                           
     0000FF43  _SCX_REG                           
     0000FF44  _LY_REG                            
     0000FF45  _LYC_REG                           
     0000FF46  _DMA_REG                           
     0000FF47  _BGP_REG                           
     0000FF48  _OBP0_REG                          
     0000FF49  _OBP1_REG                          
     0000FF4A  _WY_REG                            
     0000FF4B  _WX_REG                            
     0000FF4D  _KEY1_REG                          
     0000FF4F  _VBK_REG                           
     0000FF51  _HDMA1_REG                         
     0000FF52  _HDMA2_REG                         
     0000FF53  _HDMA3_REG                         
     0000FF54  _HDMA4_REG                         
     0000FF55  _HDMA5_REG                         
     0000FF56  _RP_REG                            
     0000FF68  _BCPS_REG                          
     0000FF69  _BCPD_REG                          
     0000FF6A  _OCPS_REG                          
     0000FF6B  _OCPD_REG                          
     0000FF70  _SVBK_REG                          
     0000FF76  _PCM12_REG                         
     0000FF77  _PCM34_REG                         
     0000FF80  .refresh_OAM                    
     0000FF80  __HRAM                             
     0000FFFF  _IE_REG                            
     00014000  s__CODE_1                       
     00024000  s__CODE_2                       
     00034000  s__CODE_3                       
     00044000  s__CODE_4                       
     00054000  s__CODE_5                       
     00064000  s__CODE_6                       
ASxxxx Linker V03.00/V05.40 + sdld,  page 16.
Hexadecimal  [32-Bits]

Area                                    Addr        Size        Decimal Bytes (Attributes)
--------------------------------        ----        ----        ------- ----- ------------
.  .ABS.                            00000000    00000000 =           0. bytes (ABS,CON)

      Value  Global                              Global Defined In Module
      -----  --------------------------------   ------------------------
     00074000  s__CODE_7                       
     00084000  s__CODE_8                       
     00094000  s__CODE_9                       

ASxxxx Linker V03.00/V05.40 + sdld,  page 17.
Hexadecimal  [32-Bits]

Area                                    Addr        Size        Decimal Bytes (Attributes)
--------------------------------        ----        ----        ------- ----- ------------
_CODE                               00000200    00000ECB =        3787. bytes (REL,CON)

      Value  Global                              Global Defined In Module
      -----  --------------------------------   ------------------------
     00000200  ___HandleCrash                     
     0000020A  _SIO_send_byte                     
     0000021D  _SIO_receive                       
     0000022E  _GetWinAddr                        
     00000236  _GetBkgAddr                        
     00000244  _state_init                        
     00000249  _state_update                      
     0000026B  _ui_time_masks                     
     00000273  _ui_print_shift_char               
     000002F6  _ui_draw_frame_row                 
     000002FF  .ui_draw_frame_row                 
     00000328  _script_cmds                       vm_instructions
     00000560  _save_signature                    game_signature
     00000564  _start_scene_x                     
     00000566  _start_scene_y                     
     00000568  _start_scene_dir                   
     00000569  _start_scene                       
     0000056C  _start_player_move_speed           
     0000056D  _start_player_anim_tick            
     0000056E  _ui_fonts                          
     00000571  _core_reset_hook                   main
     00000579  _main                              main
     00000581  _state_start_fns                   
     00000593  _state_update_fns                  
     000005A5  _hUGE_init                         hUGEDriver_obj
     000005A7  hUGE_init                          hUGEDriver_obj
     000005FD  _hUGE_mute_channel                 hUGEDriver_obj
     000005FF  hUGE_mute_channel                  hUGEDriver_obj
     0000084D  _hUGE_set_position                 hUGEDriver_obj
     0000084F  hUGE_set_position                  hUGEDriver_obj
     00000A14  _hUGE_dosound                      hUGEDriver_obj
     00000A14  hUGE_dosound                       hUGEDriver_obj
     00000D40  _get_vram_byte                     
     00000D48  _get_win_tile_xy                   
     00000D50  _get_bkg_tile_xy                   
     00000D77  _set_sprite_palette                CGB
     00000D7C  _set_bkg_palette                   CGB
     00000D7F  .set_palette                       CGB
     00000D9E  _set_sprite_palette_entry          CGB
     00000DA3  _set_bkg_palette_entry             CGB
     00000DA6  .set_palette_entry                 CGB
     00000DC2  _hide_sprites_range                Metasprites
     00000DF1  __mulsuchar                        mul
     00000DF4  __muluschar                        mul
     00000DFD  __mulschar                         mul
     00000E05  __mulint                           mul
     00000E24  __muluchar                         mul
     00000E36  _set_vram_byte                     
     00000E3F  _set_win_tile_xy                   
     00000E47  _set_bkg_tile_xy                   
ASxxxx Linker V03.00/V05.40 + sdld,  page 18.
Hexadecimal  [32-Bits]

Area                                    Addr        Size        Decimal Bytes (Attributes)
--------------------------------        ----        ----        ------- ----- ------------
_CODE                               00000200    00000ECB =        3787. bytes (REL,CON)

      Value  Global                              Global Defined In Module
      -----  --------------------------------   ------------------------
     00000E71  .sgb_check                         
     00000E71  _sgb_check                         
     00000EB9  _sgb_transfer                      
     00000EBE  .sgb_transfer                      
     00000EFF  .copy_vram                         
     00000F05  _get_data                          
     00000F05  _set_data                          
     00000F05  _vmemcpy                           
     00000F53  ___move_metasprite                 Metasprites
     00000F90  ___memcpy                          
     00000F90  _memcpy                            
     00000FC2  _cpu_slow                          CGB
     00000FDD  _cpu_fast                          CGB
     00000FE4  __divsuchar                        divmod
     00000FEA  __modsuchar                        divmod
     00000FF3  __divuschar                        divmod
     00000FFC  __moduschar                        divmod
     00001008  __divschar                         divmod
     0000100D  __modschar                         divmod
     00001014  __divsint                          divmod
     0000101D  __modsint                          divmod
     00001029  __divuchar                         divmod
     0000102E  __moduchar                         divmod
     00001035  __divuint                          divmod
     0000103E  __moduint                          divmod
     0000104A  .div8                              divmod
     0000104A  .mod8                              divmod
     00001052  .div16                             divmod
     00001052  .mod16                             divmod
     00001088  .divu8                             divmod
     00001088  .modu8                             divmod
     0000108B  .divu16                            divmod
     0000108B  .modu16                            divmod

ASxxxx Linker V03.00/V05.40 + sdld,  page 19.
Hexadecimal  [32-Bits]

Area                                    Addr        Size        Decimal Bytes (Attributes)
--------------------------------        ----        ----        ------- ----- ------------
_HEADER0                            00000000    00000001 =           1. bytes (ABS,CON)

      Value  Global                              Global Defined In Module
      -----  --------------------------------   ------------------------
     00000020  .call_hl                           Runtime

ASxxxx Linker V03.00/V05.40 + sdld,  page 20.
Hexadecimal  [32-Bits]

Area                                    Addr        Size        Decimal Bytes (Attributes)
--------------------------------        ----        ----        ------- ----- ------------
_HEADER1                            00000000    00000005 =           5. bytes (ABS,CON)

      Value  Global                              Global Defined In Module
      -----  --------------------------------   ------------------------
     00000028  .MemsetSmall                       Runtime

ASxxxx Linker V03.00/V05.40 + sdld,  page 21.
Hexadecimal  [32-Bits]

Area                                    Addr        Size        Decimal Bytes (Attributes)
--------------------------------        ----        ----        ------- ----- ------------
_HEADER2                            00000000    00000007 =           7. bytes (ABS,CON)

      Value  Global                              Global Defined In Module
      -----  --------------------------------   ------------------------
     00000030  .MemcpySmall                       Runtime

ASxxxx Linker V03.00/V05.40 + sdld,  page 22.
Hexadecimal  [32-Bits]

Area                                    Addr        Size        Decimal Bytes (Attributes)
--------------------------------        ----        ----        ------- ----- ------------
_HEADER3                            00000000    00000008 =           8. bytes (ABS,CON)

      Value  Global                              Global Defined In Module
      -----  --------------------------------   ------------------------
ASxxxx Linker V03.00/V05.40 + sdld,  page 23.
Hexadecimal  [32-Bits]

Area                                    Addr        Size        Decimal Bytes (Attributes)
--------------------------------        ----        ----        ------- ----- ------------
_HEADER4                            00000000    00000060 =          96. bytes (ABS,CON)

      Value  Global                              Global Defined In Module
      -----  --------------------------------   ------------------------
     00000080  .int                               Runtime
     0000008F  _wait_int_handler                  Runtime
     0000009C  __standard_VBL_handler             Runtime
     000000AB  _refresh_OAM                       Runtime
     000000CC  _set_interrupts                    Runtime

ASxxxx Linker V03.00/V05.40 + sdld,  page 24.
Hexadecimal  [32-Bits]

Area                                    Addr        Size        Decimal Bytes (Attributes)
--------------------------------        ----        ----        ------- ----- ------------
_HEADER5                            00000000    00000001 =           1. bytes (ABS,CON)

      Value  Global                              Global Defined In Module
      -----  --------------------------------   ------------------------
ASxxxx Linker V03.00/V05.40 + sdld,  page 25.
Hexadecimal  [32-Bits]

Area                                    Addr        Size        Decimal Bytes (Attributes)
--------------------------------        ----        ----        ------- ----- ------------
_HEADER6                            00000000    00000002 =           2. bytes (ABS,CON)

      Value  Global                              Global Defined In Module
      -----  --------------------------------   ------------------------
ASxxxx Linker V03.00/V05.40 + sdld,  page 26.
Hexadecimal  [32-Bits]

Area                                    Addr        Size        Decimal Bytes (Attributes)
--------------------------------        ----        ----        ------- ----- ------------
_HEADER7                            00000000    00000030 =          48. bytes (ABS,CON)

      Value  Global                              Global Defined In Module
      -----  --------------------------------   ------------------------
ASxxxx Linker V03.00/V05.40 + sdld,  page 27.
Hexadecimal  [32-Bits]

Area                                    Addr        Size        Decimal Bytes (Attributes)
--------------------------------        ----        ----        ------- ----- ------------
_HEADER8                            00000000    00000006 =           6. bytes (ABS,CON)

      Value  Global                              Global Defined In Module
      -----  --------------------------------   ------------------------
ASxxxx Linker V03.00/V05.40 + sdld,  page 28.
Hexadecimal  [32-Bits]

Area                                    Addr        Size        Decimal Bytes (Attributes)
--------------------------------        ----        ----        ------- ----- ------------
_HEADER9                            00000000    00000003 =           3. bytes (ABS,CON)

      Value  Global                              Global Defined In Module
      -----  --------------------------------   ------------------------
ASxxxx Linker V03.00/V05.40 + sdld,  page 29.
Hexadecimal  [32-Bits]

Area                                    Addr        Size        Decimal Bytes (Attributes)
--------------------------------        ----        ----        ------- ----- ------------
_HEADERa                            00000000    00000001 =           1. bytes (ABS,CON)

      Value  Global                              Global Defined In Module
      -----  --------------------------------   ------------------------
ASxxxx Linker V03.00/V05.40 + sdld,  page 30.
Hexadecimal  [32-Bits]

Area                                    Addr        Size        Decimal Bytes (Attributes)
--------------------------------        ----        ----        ------- ----- ------------
_HEADERb                            00000000    00000001 =           1. bytes (ABS,CON)

      Value  Global                              Global Defined In Module
      -----  --------------------------------   ------------------------
ASxxxx Linker V03.00/V05.40 + sdld,  page 31.
Hexadecimal  [32-Bits]

Area                                    Addr        Size        Decimal Bytes (Attributes)
--------------------------------        ----        ----        ------- ----- ------------
_HEADERc                            00000000    00000001 =           1. bytes (ABS,CON)

      Value  Global                              Global Defined In Module
      -----  --------------------------------   ------------------------
ASxxxx Linker V03.00/V05.40 + sdld,  page 32.
Hexadecimal  [32-Bits]

Area                                    Addr        Size        Decimal Bytes (Attributes)
--------------------------------        ----        ----        ------- ----- ------------
_HEADERd                            00000000    00000002 =           2. bytes (ABS,CON)

      Value  Global                              Global Defined In Module
      -----  --------------------------------   ------------------------
ASxxxx Linker V03.00/V05.40 + sdld,  page 33.
Hexadecimal  [32-Bits]

Area                                    Addr        Size        Decimal Bytes (Attributes)
--------------------------------        ----        ----        ------- ----- ------------
_HEADERe                            00000000    00000001 =           1. bytes (ABS,CON)

      Value  Global                              Global Defined In Module
      -----  --------------------------------   ------------------------
ASxxxx Linker V03.00/V05.40 + sdld,  page 34.
Hexadecimal  [32-Bits]

Area                                    Addr        Size        Decimal Bytes (Attributes)
--------------------------------        ----        ----        ------- ----- ------------
_HEADERf                            00000000    00000001 =           1. bytes (ABS,CON)

      Value  Global                              Global Defined In Module
      -----  --------------------------------   ------------------------
ASxxxx Linker V03.00/V05.40 + sdld,  page 35.
Hexadecimal  [32-Bits]

Area                                    Addr        Size        Decimal Bytes (Attributes)
--------------------------------        ----        ----        ------- ----- ------------
_HEADER10                           00000000    00000002 =           2. bytes (ABS,CON)

      Value  Global                              Global Defined In Module
      -----  --------------------------------   ------------------------
ASxxxx Linker V03.00/V05.40 + sdld,  page 36.
Hexadecimal  [32-Bits]

Area                                    Addr        Size        Decimal Bytes (Attributes)
--------------------------------        ----        ----        ------- ----- ------------
_HEADER11                           00000000    000000AB =         171. bytes (ABS,CON)

      Value  Global                              Global Defined In Module
      -----  --------------------------------   ------------------------
     00000150  .reset                             Runtime
     00000150  _reset                             Runtime
     00000157  .code_start                        Runtime
     000001B9  _exit                              Runtime
     000001BD  .wait_vbl_done                     Runtime
     000001BD  _vsync                             Runtime
     000001BD  _wait_vbl_done                     Runtime
     000001CD  .remove_VBL                        Runtime
     000001CD  _remove_VBL                        Runtime
     000001D0  .remove_int                        Runtime
     000001ED  .add_VBL                           Runtime
     000001ED  _add_VBL                           Runtime
     000001F0  .add_int                           Runtime

ASxxxx Linker V03.00/V05.40 + sdld,  page 37.
Hexadecimal  [32-Bits]

Area                                    Addr        Size        Decimal Bytes (Attributes)
--------------------------------        ----        ----        ------- ----- ------------
_HOME                               000010CB    00002B07 =       11015. bytes (REL,CON)

      Value  Global                              Global Defined In Module
      -----  --------------------------------   ------------------------
     000010CB  .memset_simple                     Runtime
     000010D4  .memcpy_simple                     Runtime
     000010F1  .display_off                       Runtime
     000010F1  _display_off                       Runtime
     00001109  _actors_update                     actor
     00001508  _SetBankedBkgData                  bankdata
     00001524  _SetBankedSpriteData               bankdata
     00001540  _SetBankedBkgTiles                 bankdata
     0000155C  _SetBankedWinTiles                 bankdata
     00001578  _ReadBankedFarPtr                  bankdata
     0000159A  _ReadBankedUWORD                   bankdata
     000015B4  _MemcpyBanked                      bankdata
     000015D6  _MemcpyVRAMBanked                  bankdata
     00001605  _IndexOfFarPtr                     bankdata
     0000168A  _camera_update                     camera
     000017BD  _load_animations                   data_manager
     00001816  _events_update                     events
     000018E9  _timers_update                     events
     00001972  _input_update                      input
     00001998  .sio_ISR                           
     000019F2  .timer_ISR                         
     00001A07  _simple_LCD_isr                    interrupts
     00001A86  _fullscreen_LCD_isr                interrupts
     00001AB2  _VBL_isr                           interrupts
     00001AFC  _isqrt                             math
     00001B59  _sine_wave                         math
     00001C59  _dir_lookup                        math
     00001C61  _dir_angle_lookup                  math
     00001C65  _hUGETrackerRoutine                music_manager
     00001C8C  _music_events_update               music_manager
     00001D0E  _music_play_isr                    music_manager
     00001DAF  _parallax_LCD_isr                  parallax
     00001DEC  _projectiles_update                projectiles
     0000226D  _projectiles_render                projectiles
     000023C2  _scroll_load_pending_row           scroll
     00002448  _scroll_load_row                   scroll
     000024BD  _scroll_load_col                   scroll
     00002526  _scroll_load_pending_col           scroll
     000025AE  _set_bkg_submap                    
     000025F1  _set_xy_win_submap                 
     0000261E  .set_xy_win_submap                 
     00002627  .set_xy_bkg_submap                 
     00002636  .set_xy_submap                     
     00002680  _sfx_play_isr                      sfx_player
     00002759  _on_SIO_receive                    sio
     0000279A  _SIO_update                        sio
     00002801  _ui_update                         ui
     00002939  _vm_sgb_transfer                   vm_sgb
     00002986  _vm_load_text                      vm_ui
     00002BDC  _vm_switch                         vm
ASxxxx Linker V03.00/V05.40 + sdld,  page 38.
Hexadecimal  [32-Bits]

Area                                    Addr        Size        Decimal Bytes (Attributes)
--------------------------------        ----        ----        ------- ----- ------------
_HOME                               000010CB    00002B07 =       11015. bytes (REL,CON)

      Value  Global                              Global Defined In Module
      -----  --------------------------------   ------------------------
     00002D0D  _vm_beginthread                    vm
     00002E31  _vm_rpn                            vm
     0000360A  _vm_get_far                        vm
     00003678  _vm_call_native                    vm
     0000368B  _VM_STEP                           vm
     000036F5  _script_runner_update              vm
     0000385A  _fill_win_rect                     
     0000386C  _rand                              
     0000386C  _randw                             
     00003897  _initrand                          
     00003899  .initrand                          
     000038A2  _get_bkg_data                      
     000038A2  _get_win_data                      
     000038EF  _get_sprite_data                   
     00003922  _abs                               abs
     00003931  _set_win_tiles                     
     00003945  _set_tile_data                     
     0000394A  _set_bkg_data                      
     0000394A  _set_win_data                      
     00003952  _set_sprite_data                   
     00003982  _reverse                           reverse
     000039B6  ___call__banked                    far_ptr
     000039D3  _to_far_ptr                        far_ptr
     00003A09  .add_LCD                           
     00003A09  _add_LCD                           
     00003A0F  .remove_LCD                        
     00003A0F  _remove_LCD                        
     00003A15  .fill_rect_wtt                     
     00003A1E  .fill_rect_btt                     
     00003A6B  _joypad_init                       
     00003AB9  .joypad_ex                         
     00003AB9  _joypad_ex                         
     00003B04  _fill_bkg_rect                     
     00003B16  ___sdcc_call_hl                    call_hl
     00003B17  _memset                            memset
     00003B4A  .set_xy_wtt                        SetTileMap
     00003B53  .set_xy_btt                        SetTileMap
     00003B62  .set_xy_tt                         SetTileMap
     00003BA4  ___sdcc_bcall_ehl                  
     00003BBE  _set_bkg_tiles                     
ASxxxx Linker V03.00/V05.40 + sdld,  page 39.
Hexadecimal  [32-Bits]

Area                                    Addr        Size        Decimal Bytes (Attributes)
--------------------------------        ----        ----        ------- ----- ------------
_INITIALIZER                        00003BD2    0000001A =          26. bytes (REL,CON)

      Value  Global                              Global Defined In Module
      -----  --------------------------------   ------------------------
ASxxxx Linker V03.00/V05.40 + sdld,  page 40.
Hexadecimal  [32-Bits]

Area                                    Addr        Size        Decimal Bytes (Attributes)
--------------------------------        ----        ----        ------- ----- ------------
_GSINIT                             00003BEC    00000027 =          39. bytes (REL,CON)

      Value  Global                              Global Defined In Module
      -----  --------------------------------   ------------------------
     00003BEC  gsinit                             Runtime

ASxxxx Linker V03.00/V05.40 + sdld,  page 41.
Hexadecimal  [32-Bits]

Area                                    Addr        Size        Decimal Bytes (Attributes)
--------------------------------        ----        ----        ------- ----- ------------
_GSFINAL                            00003C13    00000001 =           1. bytes (REL,CON)

      Value  Global                              Global Defined In Module
      -----  --------------------------------   ------------------------
ASxxxx Linker V03.00/V05.40 + sdld,  page 42.
Hexadecimal  [32-Bits]

Area                                    Addr        Size        Decimal Bytes (Attributes)
--------------------------------        ----        ----        ------- ----- ------------
_DATA                               0000C0A0    00001992 =        6546. bytes (REL,CON)

      Value  Global                              Global Defined In Module
      -----  --------------------------------   ------------------------
     0000C0A0  __cpu                              Runtime
     0000C0A1  __is_GBA                           Runtime
     0000C0A2  .mode                              Runtime
     0000C0A3  .sys_time                          Runtime
     0000C0A3  _sys_time                          Runtime
     0000C0A5  .int_0x40                          Runtime
     0000C0B1  _actors                            actor
     0000C4F5  _actors_active_head                actor
     0000C4F7  _actors_active_tail                actor
     0000C4F9  _actors_inactive_head              actor
     0000C4FB  _screen_x                          actor
     0000C4FC  _screen_y                          actor
     0000C4FD  _invalid                           actor
     0000C4FF  _player_moving                     actor
     0000C500  _player_iframes                    actor
     0000C501  _player_collision_actor            actor
     0000C503  _emote_actor                       actor
     0000C505  _emote_timer                       actor
     0000C506  _allocated_sprite_tiles            actor
     0000C507  _allocated_hardware_sprites        actor
     0000C513  _camera_x                          camera
     0000C515  _camera_y                          camera
     0000C517  _camera_offset_x                   camera
     0000C518  _camera_offset_y                   camera
     0000C519  _camera_deadzone_x                 camera
     0000C51A  _camera_deadzone_y                 camera
     0000C51B  _camera_settings                   camera
     0000C51F  _current_scene                     data_manager
     0000C522  _image_bank                        data_manager
     0000C523  _image_ptr                         data_manager
     0000C525  _image_attr_bank                   data_manager
     0000C526  _image_attr_ptr                    data_manager
     0000C528  _collision_bank                    data_manager
     0000C529  _collision_ptr                     data_manager
     0000C52B  _image_tile_width                  data_manager
     0000C52C  _image_tile_height                 data_manager
     0000C52D  _image_width                       data_manager
     0000C52F  _image_height                      data_manager
     0000C531  _sprites_len                       data_manager
     0000C532  _actors_len                        data_manager
     0000C533  _projectiles_len                   data_manager
     0000C534  _player_sprite_len                 data_manager
     0000C535  _scene_type                        data_manager
     0000C536  _scene_LCD_type                    data_manager
     0000C537  _scene_stack                       data_manager
     0000C577  _scene_stack_ptr                   data_manager
     0000C579  _scene_sprites_base_tiles          data_manager
     0000C5B9  _input_events                      events
     0000C5E1  _input_slots                       events
     0000C5E9  _timer_events                      events
ASxxxx Linker V03.00/V05.40 + sdld,  page 43.
[...]
                                          [ scene_6_triggers ]
C:/Users/scazz/AppData/Local/Temp/_gbsbuild/obj/scene_6.rel
                                          [ scene_6 ]
C:/Users/scazz/AppData/Local/Temp/_gbsbuild/obj/scene_7_actors.rel
                                          [ scene_7_actors ]
C:/Users/scazz/AppData/Local/Temp/_gbsbuild/obj/scene_7_collisions.rel
                                          [ scene_7_collisions ]
C:/Users/scazz/AppData/Local/Temp/_gbsbuild/obj/scene_7_init.rel
                                          [ scene_7_init ]
C:/Users/scazz/AppData/Local/Temp/_gbsbuild/obj/scene_7_sprites.rel
                                          [ scene_7_sprites ]
C:/Users/scazz/AppData/Local/Temp/_gbsbuild/obj/scene_7_triggers.rel
                                          [ scene_7_triggers ]
C:/Users/scazz/AppData/Local/Temp/_gbsbuild/obj/scene_7.rel
                                          [ scene_7 ]
C:/Users/scazz/AppData/Local/Temp/_gbsbuild/obj/scene_8_actors.rel
                                          [ scene_8_actors ]
C:/Users/scazz/AppData/Local/Temp/_gbsbuild/obj/scene_8_collisions.rel
                                          [ scene_8_collisions ]
C:/Users/scazz/AppData/Local/Temp/_gbsbuild/obj/scene_8_init.rel
                                          [ scene_8_init ]
C:/Users/scazz/AppData/Local/Temp/_gbsbuild/obj/scene_8_sprites.rel
                                          [ scene_8_sprites ]
C:/Users/scazz/AppData/Local/Temp/_gbsbuild/obj/scene_8_triggers.rel
                                          [ scene_8_triggers ]
C:/Users/scazz/AppData/Local/Temp/_gbsbuild/obj/scene_8.rel
                                          [ scene_8 ]
C:/Users/scazz/AppData/Local/Temp/_gbsbuild/obj/scene_9_actors.rel
                                          [ scene_9_actors ]
C:/Users/scazz/AppData/Local/Temp/_gbsbuild/obj/scene_9_collisions.rel
                                          [ scene_9_collisions ]
C:/Users/scazz/AppData/Local/Temp/_gbsbuild/obj/scene_9_init.rel
                                          [ scene_9_init ]
C:/Users/scazz/AppData/Local/Temp/_gbsbuild/obj/scene_9_sprites.rel
                                          [ scene_9_sprites ]
C:/Users/scazz/AppData/Local/Temp/_gbsbuild/obj/scene_9_triggers.rel
                                          [ scene_9_triggers ]
C:/Users/scazz/AppData/Local/Temp/_gbsbuild/obj/scene_9.rel
                                          [ scene_9 ]
C:/Users/scazz/AppData/Local/Temp/_gbsbuild/obj/script_0.rel
                                          [ script_0 ]
C:/Users/scazz/AppData/Local/Temp/_gbsbuild/obj/script_1.rel
                                          [ script_1 ]
C:/Users/scazz/AppData/Local/Temp/_gbsbuild/obj/script_10.rel
                                          [ script_10 ]
C:/Users/scazz/AppData/Local/Temp/_gbsbuild/obj/script_11.rel
                                          [ script_11 ]
C:/Users/scazz/AppData/Local/Temp/_gbsbuild/obj/script_12.rel
                                          [ script_12 ]
C:/Users/scazz/AppData/Local/Temp/_gbsbuild/obj/script_13.rel
                                          [ script_13 ]
C:/Users/scazz/AppData/Local/Temp/_gbsbuild/obj/script_14.rel
                                          [ script_14 ]
C:/Users/scazz/AppData/Local/Temp/_gbsbuild/obj/script_15.rel
                                          [ script_15 ]
C:/Users/scazz/AppData/Local/Temp/_gbsbuild/obj/script_17.rel
                                          [ script_17 ]
C:/Users/scazz/AppData/Local/Temp/_gbsbuild/obj/script_18.rel
                                          [ script_18 ]
C:/Users/scazz/AppData/Local/Temp/_gbsbuild/obj/script_19.rel
                                          [ script_19 ]
C:/Users/scazz/AppData/Local/Temp/_gbsbuild/obj/script_2.rel
                                          [ script_2 ]
C:/Users/scazz/AppData/Local/Temp/_gbsbuild/obj/script_3.rel
                                          [ script_3 ]
C:/Users/scazz/AppData/Local/Temp/_gbsbuild/obj/script_5.rel
                                          [ script_5 ]
C:/Users/scazz/AppData/Local/Temp/_gbsbuild/obj/script_6.rel
                                          [ script_6 ]
C:/Users/scazz/AppData/Local/Temp/_gbsbuild/obj/script_7.rel
                                          [ script_7 ]
C:/Users/scazz/AppData/Local/Temp/_gbsbuild/obj/script_8.rel
                                          [ script_8 ]
C:/Users/scazz/AppData/Local/Temp/_gbsbuild/obj/script_9.rel
                                          [ script_9 ]
C:/Users/scazz/AppData/Local/Temp/_gbsbuild/obj/script_engine_init.rel
                                          [  ]
C:/Users/scazz/AppData/Local/Temp/_gbsbuild/obj/script_input_0.rel
                                          [ script_input_0 ]
C:/Users/scazz/AppData/Local/Temp/_gbsbuild/obj/script_input_1.rel
                                          [ script_input_1 ]
C:/Users/scazz/AppData/Local/Temp/_gbsbuild/obj/script_input_10.rel
                                          [ script_input_10 ]
C:/Users/scazz/AppData/Local/Temp/_gbsbuild/obj/script_input_11.rel
                                          [ script_input_11 ]
C:/Users/scazz/AppData/Local/Temp/_gbsbuild/obj/script_input_12.rel
                                          [ script_input_12 ]
C:/Users/scazz/AppData/Local/Temp/_gbsbuild/obj/script_input_13.rel
                                          [ script_input_13 ]
C:/Users/scazz/AppData/Local/Temp/_gbsbuild/obj/script_input_14.rel
                                          [ script_input_14 ]
C:/Users/scazz/AppData/Local/Temp/_gbsbuild/obj/script_input_15.rel
                                          [ script_input_15 ]
C:/Users/scazz/AppData/Local/Temp/_gbsbuild/obj/script_input_16.rel
                                          [ script_input_16 ]
C:/Users/scazz/AppData/Local/Temp/_gbsbuild/obj/script_input_17.rel
                                          [ script_input_17 ]
C:/Users/scazz/AppData/Local/Temp/_gbsbuild/obj/script_input_2.rel
                                          [ script_input_2 ]
C:/Users/scazz/AppData/Local/Temp/_gbsbuild/obj/script_input_3.rel
                                          [ script_input_3 ]
C:/Users/scazz/AppData/Local/Temp/_gbsbuild/obj/script_input_4.rel
                                          [ script_input_4 ]
C:/Users/scazz/AppData/Local/Temp/_gbsbuild/obj/script_input_5.rel
                                          [ script_input_5 ]
C:/Users/scazz/AppData/Local/Temp/_gbsbuild/obj/script_input_6.rel
                                          [ script_input_6 ]
C:/Users/scazz/AppData/Local/Temp/_gbsbuild/obj/script_input_7.rel
                                          [ script_input_7 ]
C:/Users/scazz/AppData/Local/Temp/_gbsbuild/obj/script_input_8.rel
                                          [ script_input_8 ]
C:/Users/scazz/AppData/Local/Temp/_gbsbuild/obj/script_input_9.rel
                                          [ script_input_9 ]
C:/Users/scazz/AppData/Local/Temp/_gbsbuild/obj/script_timer_0.rel
                                          [ script_timer_0 ]
C:/Users/scazz/AppData/Local/Temp/_gbsbuild/obj/script_timer_1.rel
                                          [ script_timer_1 ]
C:/Users/scazz/AppData/Local/Temp/_gbsbuild/obj/sprite_blanktile_tileset.rel
                                          [ sprite_blanktile_tileset ]
C:/Users/scazz/AppData/Local/Temp/_gbsbuild/obj/sprite_blanktile.rel
                                          [ sprite_blanktile ]
C:/Users/scazz/AppData/Local/Temp/_gbsbuild/obj/sprite_cartello_tileset.rel
                                          [ sprite_cartello_tileset ]
C:/Users/scazz/AppData/Local/Temp/_gbsbuild/obj/sprite_cartello.rel
                                          [ sprite_cartello ]
C:/Users/scazz/AppData/Local/Temp/_gbsbuild/obj/sprite_cultistaanimated_tileset.rel
                                          [ sprite_cultistaanimated_tileset ]
C:/Users/scazz/AppData/Local/Temp/_gbsbuild/obj/sprite_cultistaanimated.rel
                                          [ sprite_cultistaanimated ]
C:/Users/scazz/AppData/Local/Temp/_gbsbuild/obj/sprite_cuoremiriel_tileset.rel
                                          [ sprite_cuoremiriel_tileset ]
C:/Users/scazz/AppData/Local/Temp/_gbsbuild/obj/sprite_cuoremiriel.rel
                                          [ sprite_cuoremiriel ]
C:/Users/scazz/AppData/Local/Temp/_gbsbuild/obj/sprite_fabbrostatic_tileset.rel
                                          [ sprite_fabbrostatic_tileset ]
C:/Users/scazz/AppData/Local/Temp/_gbsbuild/obj/sprite_fabbrostatic.rel
                                          [ sprite_fabbrostatic ]
C:/Users/scazz/AppData/Local/Temp/_gbsbuild/obj/sprite_luponpc_tileset.rel
                                          [ sprite_luponpc_tileset ]
C:/Users/scazz/AppData/Local/Temp/_gbsbuild/obj/sprite_luponpc.rel
                                          [ sprite_luponpc ]
C:/Users/scazz/AppData/Local/Temp/_gbsbuild/obj/sprite_mirielanimated_tileset.rel
                                          [ sprite_mirielanimated_tileset ]
C:/Users/scazz/AppData/Local/Temp/_gbsbuild/obj/sprite_mirielanimated.rel
                                          [ sprite_mirielanimated ]
C:/Users/scazz/AppData/Local/Temp/_gbsbuild/obj/sprite_mirielanimatedsword_tileset.rel
                                          [ sprite_mirielanimatedsword_tiles ]
C:/Users/scazz/AppData/Local/Temp/_gbsbuild/obj/sprite_mirielanimatedsword.rel
                                          [ sprite_mirielanimatedsword ]
C:/Users/scazz/AppData/Local/Temp/_gbsbuild/obj/sprite_spada_tileset.rel
                                          [ sprite_spada_tileset ]
C:/Users/scazz/AppData/Local/Temp/_gbsbuild/obj/sprite_spada.rel
                                          [ sprite_spada ]
C:/Users/scazz/AppData/Local/Temp/_gbsbuild/obj/sprite_spada1_tileset.rel
                                          [ sprite_spada1_tileset ]
C:/Users/scazz/AppData/Local/Temp/_gbsbuild/obj/sprite_spada1.rel
                                          [ sprite_spada1 ]
C:/Users/scazz/AppData/Local/Temp/_gbsbuild/obj/sprite_spr10_tileset.rel
                                          [ sprite_spr10_tileset ]
C:/Users/scazz/AppData/Local/Temp/_gbsbuild/obj/sprite_spr10.rel
                                          [ sprite_spr10 ]
C:/Users/scazz/AppData/Local/Temp/_gbsbuild/obj/sprite_spr12_tileset.rel
                                          [ sprite_spr12_tileset ]
C:/Users/scazz/AppData/Local/Temp/_gbsbuild/obj/sprite_spr12.rel
                                          [ sprite_spr12 ]
C:/Users/scazz/AppData/Local/Temp/_gbsbuild/obj/spritesheet_none.rel
                                          [ spritesheet_none ]
C:/Users/scazz/AppData/Local/Temp/_gbsbuild/obj/trigger_0_interact.rel
                                          [ trigger_0_interact ]
C:/Users/scazz/AppData/Local/Temp/_gbsbuild/obj/trigger_1_interact.rel
                                          [ trigger_1_interact ]
C:/Users/scazz/AppData/Local/Temp/_gbsbuild/obj/trigger_10_interact.rel
                                          [ trigger_10_interact ]
C:/Users/scazz/AppData/Local/Temp/_gbsbuild/obj/trigger_12_interact.rel
                                          [ trigger_12_interact ]
C:/Users/scazz/AppData/Local/Temp/_gbsbuild/obj/trigger_13_interact.rel
                                          [ trigger_13_interact ]
C:/Users/scazz/AppData/Local/Temp/_gbsbuild/obj/trigger_14_interact.rel
                                          [ trigger_14_interact ]
C:/Users/scazz/AppData/Local/Temp/_gbsbuild/obj/trigger_16_interact.rel
                                          [ trigger_16_interact ]
C:/Users/scazz/AppData/Local/Temp/_gbsbuild/obj/trigger_17_interact.rel
                                          [ trigger_17_interact ]
C:/Users/scazz/AppData/Local/Temp/_gbsbuild/obj/trigger_18_interact.rel
                                          [ trigger_18_interact ]
C:/Users/scazz/AppData/Local/Temp/_gbsbuild/obj/trigger_19_interact.rel
                                          [ trigger_19_interact ]
C:/Users/scazz/AppData/Local/Temp/_gbsbuild/obj/trigger_2_interact.rel
                                          [ trigger_2_interact ]
C:/Users/scazz/AppData/Local/Temp/_gbsbuild/obj/trigger_20_interact.rel
                                          [ trigger_20_interact ]
C:/Users/scazz/AppData/Local/Temp/_gbsbuild/obj/trigger_21_interact.rel
                                          [ trigger_21_interact ]
C:/Users/scazz/AppData/Local/Temp/_gbsbuild/obj/trigger_22_interact.rel
                                          [ trigger_22_interact ]
C:/Users/scazz/AppData/Local/Temp/_gbsbuild/obj/trigger_23_interact.rel
                                          [ trigger_23_interact ]
C:/Users/scazz/AppData/Local/Temp/_gbsbuild/obj/trigger_24_interact.rel
                                          [ trigger_24_interact ]
C:/Users/scazz/AppData/Local/Temp/_gbsbuild/obj/trigger_25_interact.rel
                                          [ trigger_25_interact ]
C:/Users/scazz/AppData/Local/Temp/_gbsbuild/obj/trigger_26_interact.rel
                                          [ trigger_26_interact ]
C:/Users/scazz/AppData/Local/Temp/_gbsbuild/obj/trigger_27_interact.rel
                                          [ trigger_27_interact ]
C:/Users/scazz/AppData/Local/Temp/_gbsbuild/obj/trigger_28_interact.rel
                                          [ trigger_28_interact ]
C:/Users/scazz/AppData/Local/Temp/_gbsbuild/obj/trigger_29_interact.rel
                                          [ trigger_29_interact ]
C:/Users/scazz/AppData/Local/Temp/_gbsbuild/obj/trigger_3_interact.rel
                                          [ trigger_3_interact ]
C:/Users/scazz/AppData/Local/Temp/_gbsbuild/obj/trigger_30_interact.rel
                                          [ trigger_30_interact ]
C:/Users/scazz/AppData/Local/Temp/_gbsbuild/obj/trigger_31_interact.rel
                                          [ trigger_31_interact ]
C:/Users/scazz/AppData/Local/Temp/_gbsbuild/obj/trigger_32_interact.rel
                                          [ trigger_32_interact ]
C:/Users/scazz/AppData/Local/Temp/_gbsbuild/obj/trigger_33_interact.rel
                                          [ trigger_33_interact ]
C:/Users/scazz/AppData/Local/Temp/_gbsbuild/obj/trigger_4_interact.rel
                                          [ trigger_4_interact ]
C:/Users/scazz/AppData/Local/Temp/_gbsbuild/obj/trigger_5_interact.rel
                                          [ trigger_5_interact ]
C:/Users/scazz/AppData/Local/Temp/_gbsbuild/obj/trigger_6_interact.rel
                                          [ trigger_6_interact ]
C:/Users/scazz/AppData/Local/Temp/_gbsbuild/obj/trigger_7_interact.rel
                                          [ trigger_7_interact ]
C:/Users/scazz/AppData/Local/Temp/_gbsbuild/obj/trigger_8_interact.rel
                                          [ trigger_8_interact ]
C:/Users/scazz/AppData/Local/Temp/_gbsbuild/obj/trigger_9_interact.rel
                                          [ trigger_9_interact ]
C:/Users/scazz/AppData/Local/Temp/_gbsbuild/obj/main.rel
                                          [ main ]
C:/Users/scazz/AppData/Local/Temp/_gbsbuild/obj/adventure.rel
                                          [ adventure ]
C:/Users/scazz/AppData/Local/Temp/_gbsbuild/obj/logo.rel
                                          [ logo ]
C:/Users/scazz/AppData/Local/Temp/_gbsbuild/obj/platform.rel
                                          [ platform ]
C:/Users/scazz/AppData/Local/Temp/_gbsbuild/obj/pointnclick.rel
                                          [ pointnclick ]
C:/Users/scazz/AppData/Local/Temp/_gbsbuild/obj/shmup.rel
                                          [ shmup ]
C:/Users/scazz/AppData/Local/Temp/_gbsbuild/obj/states_ptrs.rel
                                          [  ]
C:/Users/scazz/AppData/Local/Temp/_gbsbuild/obj/topdown.rel
                                          [ topdown ]


Libraries Linked                          [ object file ]

C:\Users\scazz\AppData\Local\Temp/_gbstools/gbdk/lib/gb/gb.lib
                                          [ fill_rect_wi.o ]
C:\Users\scazz\AppData\Local\Temp/_gbstools/gbdk/lib/sm83/sm83.lib
                                          [ rand.o ]
lib/hUGEDriver.lib                        [ hUGEDriver.o ]
C:\Users\scazz\AppData\Local\Temp/_gbstools/gbdk/lib/gb/gb.lib
                                          [ sfr.o ]
C:\Users\scazz\AppData\Local\Temp/_gbstools/gbdk/lib/gb/gb.lib
                                          [ get_data.o ]
C:\Users\scazz\AppData\Local\Temp/_gbstools/gbdk/lib/gb/gb.lib
                                          [ get_tile.o ]
C:\Users\scazz\AppData\Local\Temp/_gbstools/gbdk/lib/gb/gb.lib
                                          [ cgb_palettes.o ]
C:\Users\scazz\AppData\Local\Temp/_gbstools/gbdk/lib/gb/gb.lib
                                          [ metasprites_hide_spr.o ]
C:\Users\scazz\AppData\Local\Temp/_gbstools/gbdk/lib/sm83/sm83.lib
                                          [ mul.o ]
C:\Users\scazz\AppData\Local\Temp/_gbstools/gbdk/lib/gb/gb.lib
                                          [ set_tile.o ]
C:\Users\scazz\AppData\Local\Temp/_gbstools/gbdk/lib/sm83/sm83.lib
                                          [ abs.o ]
C:\Users\scazz\AppData\Local\Temp/_gbstools/gbdk/lib/gb/gb.lib
                                          [ set_wi_t.o ]
C:\Users\scazz\AppData\Local\Temp/_gbstools/gbdk/lib/gb/gb.lib
                                          [ set_data.o ]
C:\Users\scazz\AppData\Local\Temp/_gbstools/gbdk/lib/sm83/sm83.lib
                                          [ reverse.o ]
C:\Users\scazz\AppData\Local\Temp/_gbstools/gbdk/lib/gb/gb.lib
                                          [ far_ptr.o ]
C:\Users\scazz\AppData\Local\Temp/_gbstools/gbdk/lib/gb/gb.lib
                                          [ sgb.o ]
C:\Users\scazz\AppData\Local\Temp/_gbstools/gbdk/lib/gb/gb.lib
                                          [ lcd.o ]
C:\Users\scazz\AppData\Local\Temp/_gbstools/gbdk/lib/gb/gb.lib
                                          [ fill_rect.o ]
C:\Users\scazz\AppData\Local\Temp/_gbstools/gbdk/lib/gb/gb.lib
                                          [ pad_ex.o ]
C:\Users\scazz\AppData\Local\Temp/_gbstools/gbdk/lib/gb/gb.lib
                                          [ cpy_data.o ]
C:\Users\scazz\AppData\Local\Temp/_gbstools/gbdk/lib/gb/gb.lib
                                          [ fill_rect_bk.o ]
C:\Users\scazz\AppData\Local\Temp/_gbstools/gbdk/lib/gb/gb.lib
                                          [ metasprites.o ]
C:\Users\scazz\AppData\Local\Temp/_gbstools/gbdk/lib/sm83/sm83.lib
                                          [ __sdcc_call_hl.o ]
C:\Users\scazz\AppData\Local\Temp/_gbstools/gbdk/lib/sm83/sm83.lib
                                          [ memcpy.o ]
C:\Users\scazz\AppData\Local\Temp/_gbstools/gbdk/lib/sm83/sm83.lib
                                          [ _memset.o ]
C:\Users\scazz\AppData\Local\Temp/_gbstools/gbdk/lib/gb/gb.lib
                                          [ set_xy_t.o ]
C:\Users\scazz\AppData\Local\Temp/_gbstools/gbdk/lib/gb/gb.lib
                                          [ ___sdcc_bcall_ehl.o ]
C:\Users\scazz\AppData\Local\Temp/_gbstools/gbdk/lib/gb/gb.lib
                                          [ cgb.o ]
C:\Users\scazz\AppData\Local\Temp/_gbstools/gbdk/lib/sm83/sm83.lib
                                          [ div.o ]
C:\Users\scazz\AppData\Local\Temp/_gbstools/gbdk/lib/gb/gb.lib
                                          [ set_bk_t.o ]

ASxxxx Linker V03.00/V05.40 + sdld,  page 77.

User Base Address Definitions

_DATA=0xC0A0
_CODE=0x0200
ASxxxx Linker V03.00/V05.40 + sdld,  page 78.

User Global Definitions

.STACK=0xDF00
_shadow_OAM=0xC000
.refresh_OAM=0xFF80
__start_save=12

