ASxxxx Linker V03.00/V05.40 + sdld,  page 1.
Hexadecimal  [32-Bits]

Area                                    Addr        Size        Decimal Bytes (Attributes)
--------------------------------        ----        ----        ------- ----- ------------
.  .ABS.                            00000000    00000000 =           0. bytes (ABS,CON)

      Value  Global                              Global Defined In Module
      -----  --------------------------------   ------------------------
     00000000  .__.ABS.                           
     00000000  _rRAMG                             
     00000000  l__BASE                         
     00000000  l__BSS                          
     00000000  l__CABS                         
     00000000  l__CODE_0                       
     00000000  l__CRASH_HEADER                 
     00000000  l__CRASH_SCRATCH                
     00000000  l__DABS                         
     00000000  l__HEADER                       
     00000000  l__HEADER_LCD                   
     00000000  l__HEADER_SIO                   
     00000000  l__HEADER_TIMER                 
     00000000  l__HEAP                         
     00000000  l__HEAP_END                     
     00000000  l__HRAM                         
     00000000  l__LIT                          
     00000000  s__CABS                         
     00000000  s__CRASH_HEADER                 
     00000000  s__CRASH_HEADER0                
     00000000  s__CRASH_HEADER1                
     00000000  s__CRASH_SCRATCH                
     00000000  s__CRASH_SCRATCH2               
     00000000  s__DABS                         
     00000000  s__HEADER                       
     00000000  s__HEADER0                      
     00000000  s__HEADER1                      
     00000000  s__HEADER10                     
     00000000  s__HEADER11                     
     00000000  s__HEADER2                      
     00000000  s__HEADER3                      
     00000000  s__HEADER4                      
     00000000  s__HEADER5                      
     00000000  s__HEADER6                      
     00000000  s__HEADER7                      
     00000000  s__HEADER8                      
     00000000  s__HEADER9                      
     00000000  s__HEADER_LCD                   
     00000000  s__HEADER_LCD0                  
     00000000  s__HEADER_SIO                   
     00000000  s__HEADER_SIO0                  
     00000000  s__HEADER_TIMER                 
     00000000  s__HEADER_TIMER0                
     00000000  s__HEADERa                      
     00000000  s__HEADERb                      
     00000000  s__HEADERc                      
     00000000  s__HEADERd                      
     00000000  s__HEADERe                      
     00000000  s__HEADERf                      
     00000000  s__HRAM                         
ASxxxx Linker V03.00/V05.40 + sdld,  page 2.
Hexadecimal  [32-Bits]

Area                                    Addr        Size        Decimal Bytes (Attributes)
--------------------------------        ----        ----        ------- ----- ------------
.  .ABS.                            00000000    00000000 =           0. bytes (ABS,CON)

      Value  Global                              Global Defined In Module
      -----  --------------------------------   ------------------------
     00000000  s__HRAM12                       
     00000001  ___bank_SGB_border_chr             border
     00000001  ___bank_SGB_border_map             border
     00000001  ___bank_SGB_border_pal             border
     00000001  ___bank_VM_SGB                     vm_sgb
     00000001  ___bank_actor_26_update            actor_26_update
     00000001  ___bank_script_6                   script_6
     00000001  b_platform_init                    platform
     00000001  b_platform_update                  platform
     00000001  b_ui_draw_frame                    ui
     00000001  b_ui_draw_text_buffer_char         ui
     00000001  b_ui_init                          ui
     00000001  b_ui_load_tiles                    ui
     00000001  b_ui_run_menu                      ui
     00000001  b_ui_run_modal                     ui
     00000001  b_ui_set_start_tile                ui
     00000001  l__GSFINAL                      
     00000001  l__HEADER0                      
     00000001  l__HEADER5                      
     00000001  l__HEADERa                      
     00000001  l__HEADERb                      
     00000001  l__HEADERc                      
     00000001  l__HEADERe                      
     00000001  l__HEADERf                      
     00000002  ___bank_ACTOR                      actor
     00000002  ___bank_VM_ACTOR                   vm_actor
     00000002  ___bank_VM_MAIN                    vm
     00000002  ___bank_bg_casadefault3_tileset    bg_casadefault3_tileset
     00000002  ___bank_scene_11_init              scene_11_init
     00000002  ___bank_script_input_26            script_input_26
     00000002  b_activate_actor                   actor
     00000002  b_activate_actors_in_col           actor
     00000002  b_activate_actors_in_row           actor
     00000002  b_actor_at_tile                    actor
     00000002  b_actor_get_frame_offset           actor
     00000002  b_actor_in_front_of_player         actor
     00000002  b_actor_overlapping_bb             actor
     00000002  b_actor_overlapping_player         actor
     00000002  b_actor_set_anim_idle              actor
     00000002  b_actor_set_anim_moving            actor
     00000002  b_actor_set_dir                    actor
     00000002  b_actor_set_frame_offset           actor
     00000002  b_actor_set_frames                 actor
     00000002  b_actors_handle_player_collision   actor
     00000002  b_actors_init                      actor
     00000002  b_check_collision_in_direction     actor
     00000002  b_deactivate_actor                 actor
     00000002  b_player_init                      actor
     00000002  b_script_detach_hthread            vm
     00000002  b_script_execute                   vm
     00000002  b_script_runner_init               vm
ASxxxx Linker V03.00/V05.40 + sdld,  page 3.
Hexadecimal  [32-Bits]

Area                                    Addr        Size        Decimal Bytes (Attributes)
--------------------------------        ----        ----        ------- ----- ------------
.  .ABS.                            00000000    00000000 =           0. bytes (ABS,CON)

      Value  Global                              Global Defined In Module
      -----  --------------------------------   ------------------------
     00000002  b_script_terminate                 vm
     00000002  b_vm_actor_activate                vm_actor
     00000002  b_vm_actor_begin_update            vm_actor
     00000002  b_vm_actor_deactivate              vm_actor
     00000002  b_vm_actor_emote                   vm_actor
     00000002  b_vm_actor_get_angle               vm_actor
     00000002  b_vm_actor_get_anim_frame          vm_actor
     00000002  b_vm_actor_get_dir                 vm_actor
     00000002  b_vm_actor_get_pos                 vm_actor
     00000002  b_vm_actor_move_cancel             vm_actor
     00000002  b_vm_actor_move_to                 vm_actor
     00000002  b_vm_actor_replace_tile            vm_actor
     00000002  b_vm_actor_set_anim                vm_actor
     00000002  b_vm_actor_set_anim_frame          vm_actor
     00000002  b_vm_actor_set_anim_set            vm_actor
     00000002  b_vm_actor_set_anim_tick           vm_actor
     00000002  b_vm_actor_set_bounds              vm_actor
     00000002  b_vm_actor_set_dir                 vm_actor
     00000002  b_vm_actor_set_flags               vm_actor
     00000002  b_vm_actor_set_move_speed          vm_actor
     00000002  b_vm_actor_set_pos                 vm_actor
     00000002  b_vm_actor_set_spritesheet         vm_actor
     00000002  b_vm_actor_set_spritesheet_by_re   vm_actor
     00000002  b_vm_actor_terminate_update        vm_actor
     00000002  b_vm_call                          vm
     00000002  b_vm_call_far                      vm
     00000002  b_vm_get_indirect                  vm
     00000002  b_vm_get_int16                     vm
     00000002  b_vm_get_int8                      vm
     00000002  b_vm_get_tlocal                    vm
     00000002  b_vm_get_uint8                     vm
     00000002  b_vm_idle                          vm
     00000002  b_vm_if                            vm
     00000002  b_vm_if_const                      vm
     00000002  b_vm_init_rng                      vm
     00000002  b_vm_invoke                        vm
     00000002  b_vm_join                          vm
     00000002  b_vm_jump                          vm
     00000002  b_vm_lock                          vm
     00000002  b_vm_loop                          vm
     00000002  b_vm_memcpy                        vm
     00000002  b_vm_memset                        vm
     00000002  b_vm_poll_loaded                   vm
     00000002  b_vm_pop                           vm
     00000002  b_vm_push                          vm
     00000002  b_vm_push_reference                vm
     00000002  b_vm_push_value                    vm
     00000002  b_vm_push_value_ind                vm
     00000002  b_vm_raise                         vm
     00000002  b_vm_rand                          vm
     00000002  b_vm_reserve                       vm
ASxxxx Linker V03.00/V05.40 + sdld,  page 4.
Hexadecimal  [32-Bits]

Area                                    Addr        Size        Decimal Bytes (Attributes)
--------------------------------        ----        ----        ------- ----- ------------
.  .ABS.                            00000000    00000000 =           0. bytes (ABS,CON)

      Value  Global                              Global Defined In Module
      -----  --------------------------------   ------------------------
     00000002  b_vm_ret                           vm
     00000002  b_vm_ret_far                       vm
     00000002  b_vm_set                           vm
     00000002  b_vm_set_const                     vm
     00000002  b_vm_set_const_int16               vm
     00000002  b_vm_set_const_int8                vm
     00000002  b_vm_set_indirect                  vm
     00000002  b_vm_set_int16                     vm
     00000002  b_vm_set_int8                      vm
     00000002  b_vm_set_uint8                     vm
     00000002  b_vm_terminate                     vm
     00000002  b_vm_test_terminate                vm
     00000002  b_vm_unlock                        vm
     00000002  b_wait_frames                      vm
     00000002  l__HEADER10                     
     00000002  l__HEADER6                      
     00000002  l__HEADERd                      
     00000003  ___bank_bg_scena1miriel_tilemap    bg_scena1miriel_tilemap
     00000003  ___bank_bg_scena1miriel_tilemap_   bg_scena1miriel_tilemap_attr
     00000003  ___bank_bg_scena1miriel_tileset    bg_scena1miriel_tileset
     00000003  ___bank_font_gbs_variable_width    font_gbs_variable_width
     00000003  ___bank_scene_10_sprites           scene_10_sprites
     00000003  ___bank_scene_2_collisions         scene_2_collisions
     00000003  ___bank_script_input_27            script_input_27
     00000003  b_CGBZeroPalette                   palette
     00000003  b_SGBTransferPalettes              palette
     00000003  b_palette_init                     palette
     00000003  l__HEADER9                      
     00000003  l__HEADER_LCD0                  
     00000003  l__HRAM12                       
     00000004  ___bank_actor_53_interact          actor_53_interact
     00000004  ___bank_actor_54_interact          actor_54_interact
     00000004  ___bank_bg_guardianovillaggio1_t   bg_guardianovillaggio1_tiles
     00000004  ___bank_bg_villaggiomiriel1_tile   bg_villaggiomiriel1_tileset
     00000004  ___bank_script_timer_5             script_timer_5
     00000004  ___bank_sprite_fabbrostatic        sprite_fabbrostatic
     00000004  b_do_load_palette                  data_manager
     00000004  b_load_background                  data_manager
     00000004  b_load_bkg_tileset                 data_manager
     00000004  b_load_bounds                      data_manager
     00000004  b_load_emote                       data_manager
     00000004  b_load_init                        data_manager
     00000004  b_load_player                      data_manager
     00000004  b_load_scene                       data_manager
     00000004  b_load_sprite                      data_manager
     00000004  b_projectile_launch                projectiles
     00000004  b_projectiles_init                 projectiles
     00000004  l__CRASH_HEADER1                
     00000004  l__HEADER_SIO0                  
     00000004  l__HEADER_TIMER0                
     00000005  ___bank_VM_UI                      vm_ui
ASxxxx Linker V03.00/V05.40 + sdld,  page 5.
Hexadecimal  [32-Bits]

Area                                    Addr        Size        Decimal Bytes (Attributes)
--------------------------------        ----        ----        ------- ----- ------------
.  .ABS.                            00000000    00000000 =           0. bytes (ABS,CON)

      Value  Global                              Global Defined In Module
      -----  --------------------------------   ------------------------
     00000005  ___bank_actor_55_interact          actor_55_interact
     00000005  ___bank_actor_62_interact          actor_62_interact
     00000005  ___bank_actor_63_interact          actor_63_interact
     00000005  ___bank_actor_64_interact          actor_64_interact
     00000005  ___bank_bg_viaggiorapidovillaggi   bg_viaggiorapidovillaggio1_t
     00000005  ___bank_bg_villaggiomiriel2_tile   bg_villaggiomiriel2_tileset
     00000005  ___bank_scene_0_triggers           scene_0_triggers
     00000005  b_shmup_init                       shmup
     00000005  b_shmup_update                     shmup
     00000005  b_vm_choice                        vm_ui
     00000005  b_vm_display_text                  vm_ui
     00000005  b_vm_overlay_clear                 vm_ui
     00000005  b_vm_overlay_move_to               vm_ui
     00000005  b_vm_overlay_scroll                vm_ui
     00000005  b_vm_overlay_set_map               vm_ui
     00000005  b_vm_overlay_set_scroll            vm_ui
     00000005  b_vm_overlay_set_submap            vm_ui
     00000005  b_vm_overlay_set_submap_ex         vm_ui
     00000005  b_vm_overlay_setpos                vm_ui
     00000005  b_vm_overlay_show                  vm_ui
     00000005  b_vm_overlay_wait                  vm_ui
     00000005  b_vm_set_font                      vm_ui
     00000005  b_vm_set_text_sound                vm_ui
     00000005  b_vm_switch_text_layer             vm_ui
     00000005  l__CRASH_HEADER0                
     00000005  l__HEADER1                      
     00000006  ___bank_VM_GAMEBOY                 vm_gameboy
     00000006  ___bank_actor_56_interact          actor_56_interact
     00000006  ___bank_actor_57_interact          actor_57_interact
     00000006  ___bank_bg_villaggiomiriel1_tile   bg_villaggiomiriel1_tilemap
     00000006  ___bank_bg_villaggiomiriel1_tile   bg_villaggiomiriel1_tilemap_
     00000006  ___bank_scene_16_sprites           scene_16_sprites
     00000006  ___bank_scene_20_collisions        scene_20_collisions
     00000006  ___bank_scene_4_init               scene_4_init
     00000006  ___bank_script_input_3             script_input_3
     00000006  ___bank_sprite_luponpc_tileset     sprite_luponpc_tileset
     00000006  b_adventure_init                   adventure
     00000006  b_adventure_update                 adventure
     00000006  b_scroll_init                      scroll
     00000006  b_scroll_repaint                   scroll
     00000006  b_scroll_reset                     scroll
     00000006  b_scroll_update                    scroll
     00000006  b_topdown_init                     topdown
     00000006  b_topdown_update                   topdown
     00000006  b_vm_context_prepare               vm_gameboy
     00000006  b_vm_fade                          vm_gameboy
     00000006  b_vm_get_tile_xy                   vm_gameboy
     00000006  b_vm_input_attach                  vm_gameboy
     00000006  b_vm_input_detach                  vm_gameboy
     00000006  b_vm_input_get                     vm_gameboy
     00000006  b_vm_input_wait                    vm_gameboy
ASxxxx Linker V03.00/V05.40 + sdld,  page 6.
Hexadecimal  [32-Bits]

Area                                    Addr        Size        Decimal Bytes (Attributes)
--------------------------------        ----        ----        ------- ----- ------------
.  .ABS.                            00000000    00000000 =           0. bytes (ABS,CON)

      Value  Global                              Global Defined In Module
      -----  --------------------------------   ------------------------
     00000006  b_vm_load_tiles                    vm_gameboy
     00000006  b_vm_load_tileset                  vm_gameboy
     00000006  b_vm_poll                          vm_gameboy
     00000006  b_vm_replace_tile                  vm_gameboy
     00000006  b_vm_replace_tile_xy               vm_gameboy
     00000006  b_vm_rumble                        vm_gameboy
     00000006  b_vm_set_sprite_mode               vm_gameboy
     00000006  b_vm_set_sprites_visible           vm_gameboy
     00000006  b_vm_timer_prepare                 vm_gameboy
     00000006  b_vm_timer_reset                   vm_gameboy
     00000006  b_vm_timer_set                     vm_gameboy
     00000006  b_vm_timer_stop                    vm_gameboy
     00000006  l__HEADER8                      
     00000007  ___bank_actor_50_interact          actor_50_interact
     00000007  ___bank_actor_51_interact          actor_51_interact
     00000007  ___bank_actor_52_interact          actor_52_interact
     00000007  ___bank_actor_58_interact          actor_58_interact
     00000007  ___bank_actor_59_interact          actor_59_interact
     00000007  ___bank_actor_60_interact          actor_60_interact
     00000007  ___bank_actor_61_interact          actor_61_interact
     00000007  ___bank_bg_campana_tileset         bg_campana_tileset
     00000007  ___bank_bg_casadefault_tileset     bg_casadefault_tileset
     00000007  ___bank_bg_casamiriel_tileset      bg_casamiriel_tileset
     00000007  ___bank_bg_locanda_tileset         bg_locanda_tileset
     00000007  ___bank_bootstrap_script           
     00000007  l__HEADER2                      
     00000008  ___bank_actor_47_interact          actor_47_interact
     00000008  ___bank_actor_48_interact          actor_48_interact
     00000008  ___bank_actor_49_interact          actor_49_interact
     00000008  ___bank_bg_campanilescala_tilese   bg_campanilescala_tileset
     00000008  ___bank_bg_casadefault2_tileset    bg_casadefault2_tileset
     00000008  ___bank_bg_casafabbro_tileset      bg_casafabbro_tileset
     00000008  ___bank_bg_casasindaco_tileset     bg_casasindaco_tileset
     00000008  ___bank_bg_libreria_tileset        bg_libreria_tileset
     00000008  ___bank_bg_logo_tileset            bg_logo_tileset
     00000008  ___bank_bg_villaggiomiriel2_tile   bg_villaggiomiriel2_tilemap
     00000008  ___bank_bg_villaggiomiriel2_tile   bg_villaggiomiriel2_tilemap_
     00000008  ___bank_scene_21_collisions        scene_21_collisions
     00000008  ___bank_script_15                  script_15
     00000008  ___bank_script_input_4             script_input_4
     00000008  b_core_reset                       core
     00000008  b_core_run                         core
     00000008  l__HEADER3                      
     00000009  ___bank_VM_SIO                     vm_sio
     00000009  ___bank_actor_23_interact          actor_23_interact
     00000009  ___bank_actor_24_interact          actor_24_interact
     00000009  ___bank_actor_31_interact          actor_31_interact
     00000009  ___bank_bg_guardianovillaggio1_t   bg_guardianovillaggio1_tilem
     00000009  ___bank_bg_locanda_tilemap_attr    bg_locanda_tilemap_attr
     00000009  ___bank_bg_stanzalocanda_tileset   bg_stanzalocanda_tileset
     00000009  ___bank_bg_stanzalocandaribaltat   bg_stanzalocandaribaltata_ti
ASxxxx Linker V03.00/V05.40 + sdld,  page 7.
Hexadecimal  [32-Bits]

Area                                    Addr        Size        Decimal Bytes (Attributes)
--------------------------------        ----        ----        ------- ----- ------------
.  .ABS.                            00000000    00000000 =           0. bytes (ABS,CON)

      Value  Global                              Global Defined In Module
      -----  --------------------------------   ------------------------
     00000009  ___bank_bg_viaggiorapidovillaggi   bg_viaggiorapidovillaggio1_t
     00000009  ___bank_bg_viaggiorapidovillaggi   bg_viaggiorapidovillaggio1_t
     00000009  ___bank_cursor_image               cursor_image
     00000009  ___bank_scene_4_collisions         scene_4_collisions
     00000009  ___bank_scene_5_actors             scene_5_actors
     00000009  ___bank_script_2                   script_2
     00000009  b___HandleCrash_banked             
     00000009  b_atan2                            math_atan2
     00000009  b_data_clear                       load_save
     00000009  b_data_init                        load_save
     00000009  b_data_load                        load_save
     00000009  b_data_peek                        load_save
     00000009  b_data_save                        load_save
     00000009  b_gbprinter_detect                 gbprinter
     00000009  b_gbprinter_print_overlay          gbprinter
     00000009  b_pointnclick_init                 pointnclick
     00000009  b_pointnclick_update               pointnclick
     00000009  b_trigger_activate_at              trigger
     00000009  b_trigger_activate_at_intersecti   trigger
     00000009  b_trigger_at_intersection          trigger
     00000009  b_trigger_at_tile                  trigger
     00000009  b_trigger_interact                 trigger
     00000009  b_trigger_reset                    trigger
     00000009  b_vm_sio_exchange                  vm_sio
     00000009  b_vm_sio_set_mode                  vm_sio
     0000000A  ___bank_VM_CAMERA                  vm_camera
     0000000A  ___bank_VM_PALETTE                 vm_palette
     0000000A  ___bank_bg_campana_tilemap         bg_campana_tilemap
     0000000A  ___bank_bg_campana_tilemap_attr    bg_campana_tilemap_attr
     0000000A  ___bank_bg_campanilescala_tilema   bg_campanilescala_tilemap
     0000000A  ___bank_bg_campanilescala_tilema   bg_campanilescala_tilemap_at
     0000000A  ___bank_bg_casadefault2_tilemap    bg_casadefault2_tilemap
     0000000A  ___bank_bg_casadefault2_tilemap_   bg_casadefault2_tilemap_attr
     0000000A  ___bank_bg_casadefault3_tilemap_   bg_casadefault3_tilemap_attr
     0000000A  ___bank_bg_casadefault_tilemap     bg_casadefault_tilemap
     0000000A  ___bank_bg_casadefault_tilemap_a   bg_casadefault_tilemap_attr
     0000000A  ___bank_bg_casamiriel_tilemap      bg_casamiriel_tilemap
     0000000A  ___bank_bg_casamiriel_tilemap_at   bg_casamiriel_tilemap_attr
     0000000A  ___bank_bg_casasindaco_tilemap     bg_casasindaco_tilemap
     0000000A  ___bank_bg_casasindaco_tilemap_a   bg_casasindaco_tilemap_attr
     0000000A  ___bank_bg_guardianovillaggio1_t   bg_guardianovillaggio1_tilem
     0000000A  ___bank_bg_libreria_tilemap        bg_libreria_tilemap
     0000000A  ___bank_bg_libreria_tilemap_attr   bg_libreria_tilemap_attr
     0000000A  ___bank_bg_locanda_tilemap         bg_locanda_tilemap
     0000000A  ___bank_bg_stanzalocanda2_tilese   bg_stanzalocanda2_tileset
     0000000A  ___bank_bg_stanzalocandaribaltat   bg_stanzalocandaribaltata2_t
     0000000A  ___bank_scene_0_collisions         scene_0_collisions
     0000000A  ___bank_scene_14_collisions        scene_14_collisions
     0000000A  ___bank_scene_17_collisions        scene_17_collisions
     0000000A  ___bank_scene_5_collisions         scene_5_collisions
     0000000A  ___bank_scene_6_collisions         scene_6_collisions
ASxxxx Linker V03.00/V05.40 + sdld,  page 8.
Hexadecimal  [32-Bits]

Area                                    Addr        Size        Decimal Bytes (Attributes)
--------------------------------        ----        ----        ------- ----- ------------
.  .ABS.                            00000000    00000000 =           0. bytes (ABS,CON)

      Value  Global                              Global Defined In Module
      -----  --------------------------------   ------------------------
     0000000A  ___bank_sprite_fabbrostatic_tile   sprite_fabbrostatic_tileset
     0000000A  ___bank_sprite_mirielanimated_ti   sprite_mirielanimated_tilese
     0000000A  ___bank_sprite_mirielanimatedswo   sprite_mirielanimatedsword_t
     0000000A  ___bank_sprite_npc3_tileset        sprite_npc3_tileset
     0000000A  ___bank_sprite_npc4_tileset        sprite_npc4_tileset
     0000000A  ___bank_sprite_npc_tileset         sprite_npc_tileset
     0000000A  b_camera_shake_frames              vm_camera
     0000000A  b_fade_applypalettechange          fade_manager
     0000000A  b_fade_in                          fade_manager
     0000000A  b_fade_in_modal                    fade_manager
     0000000A  b_fade_init                        fade_manager
     0000000A  b_fade_out                         fade_manager
     0000000A  b_fade_out_modal                   fade_manager
     0000000A  b_fade_setspeed                    fade_manager
     0000000A  b_fade_update                      fade_manager
     0000000A  b_set_sgb_border                   sgb_border
     0000000A  b_vm_camera_move_to                vm_camera
     0000000A  b_vm_camera_set_pos                vm_camera
     0000000A  b_vm_load_palette                  vm_palette
     0000000B  ___bank_VM_MATH                    vm_math
     0000000B  ___bank_VM_MUSIC                   vm_music
     0000000B  ___bank_VM_RTC                     vm_rtc
     0000000B  ___bank_bg_casadefault3_tilemap    bg_casadefault3_tilemap
     0000000B  ___bank_bg_casafabbro_tilemap      bg_casafabbro_tilemap
     0000000B  ___bank_bg_casafabbro_tilemap_at   bg_casafabbro_tilemap_attr
     0000000B  ___bank_bg_logo_tilemap            bg_logo_tilemap
     0000000B  ___bank_bg_logo_tilemap_attr       bg_logo_tilemap_attr
     0000000B  ___bank_bg_placeholder_tilemap     bg_placeholder_tilemap
     0000000B  ___bank_bg_stanzalocanda2_tilema   bg_stanzalocanda2_tilemap
     0000000B  ___bank_bg_stanzalocanda2_tilema   bg_stanzalocanda2_tilemap_at
     0000000B  ___bank_bg_stanzalocanda_tilemap   bg_stanzalocanda_tilemap
     0000000B  ___bank_bg_stanzalocanda_tilemap   bg_stanzalocanda_tilemap_att
     0000000B  ___bank_bg_stanzalocandaribaltat   bg_stanzalocandaribaltata2_t
     0000000B  ___bank_bg_stanzalocandaribaltat   bg_stanzalocandaribaltata2_t
     0000000B  ___bank_bg_stanzalocandaribaltat   bg_stanzalocandaribaltata_ti
     0000000B  ___bank_bg_stanzalocandaribaltat   bg_stanzalocandaribaltata_ti
     0000000B  ___bank_bg_water_tilemap           bg_water_tilemap
     0000000B  ___bank_scene_10_collisions        scene_10_collisions
     0000000B  ___bank_scene_11_collisions        scene_11_collisions
     0000000B  ___bank_scene_12_collisions        scene_12_collisions
     0000000B  ___bank_scene_13_collisions        scene_13_collisions
     0000000B  ___bank_scene_14_sprites           scene_14_sprites
     0000000B  ___bank_scene_15_collisions        scene_15_collisions
     0000000B  ___bank_scene_16_collisions        scene_16_collisions
     0000000B  ___bank_scene_18_collisions        scene_18_collisions
     0000000B  ___bank_scene_19_collisions        scene_19_collisions
     0000000B  ___bank_scene_1_collisions         scene_1_collisions
     0000000B  ___bank_scene_20_init              scene_20_init
     0000000B  ___bank_scene_22_collisions        scene_22_collisions
     0000000B  ___bank_scene_2_init               scene_2_init
     0000000B  ___bank_scene_7_collisions         scene_7_collisions
ASxxxx Linker V03.00/V05.40 + sdld,  page 9.
Hexadecimal  [32-Bits]

Area                                    Addr        Size        Decimal Bytes (Attributes)
--------------------------------        ----        ----        ------- ----- ------------
.  .ABS.                            00000000    00000000 =           0. bytes (ABS,CON)

      Value  Global                              Global Defined In Module
      -----  --------------------------------   ------------------------
     0000000B  ___bank_scene_8_collisions         scene_8_collisions
     0000000B  ___bank_scene_9_collisions         scene_9_collisions
     0000000B  ___bank_script_17                  script_17
     0000000B  ___bank_script_18                  script_18
     0000000B  ___bank_script_3                   script_3
     0000000B  ___bank_script_8                   script_8
     0000000B  ___bank_script_timer_10            script_timer_10
     0000000B  ___bank_script_timer_6             script_timer_6
     0000000B  ___bank_script_timer_9             script_timer_9
     0000000B  ___bank_sprite_cultistaanimated_   sprite_cultistaanimated_tile
     0000000B  ___bank_sprite_cuoremiriel         sprite_cuoremiriel
     0000000B  ___bank_sprite_mirielanimatedswo   sprite_mirielanimatedsword
     0000000B  ___bank_sprite_npc2_tileset        sprite_npc2_tileset
     0000000B  ___bank_sprite_npc5_tileset        sprite_npc5_tileset
     0000000B  ___bank_trigger_34_interact        trigger_34_interact
     0000000B  ___bank_trigger_36_interact        trigger_36_interact
     0000000B  ___bank_trigger_49_interact        trigger_49_interact
     0000000B  b_erase_flash                      
     0000000B  b_itoa_fmt                         vm_ui_a
     0000000B  b_save_sram_banks                  
     0000000B  b_vm_cos_scale                     vm_math
     0000000B  b_vm_music_mute                    vm_music
     0000000B  b_vm_music_play                    vm_music
     0000000B  b_vm_music_routine                 vm_music
     0000000B  b_vm_music_setpos                  vm_music
     0000000B  b_vm_music_stop                    vm_music
     0000000B  b_vm_rtc_get                       vm_rtc
     0000000B  b_vm_rtc_latch                     vm_rtc
     0000000B  b_vm_rtc_set                       vm_rtc
     0000000B  b_vm_rtc_start                     vm_rtc
     0000000B  b_vm_sfx_play                      vm_music
     0000000B  b_vm_sin_scale                     vm_math
     0000000B  b_vm_sound_mastervol               vm_music
     0000000C  ___bank_VM_GBPRINTER               vm_gbprinter
     0000000C  ___bank_VM_LOAD_SAVE               vm_load_save
     0000000C  ___bank_VM_PROJECTILE              vm_projectiles
     0000000C  ___bank_VM_SCENE                   vm_scene
     0000000C  ___bank_actor_22_interact          actor_22_interact
     0000000C  ___bank_actor_25_interact          actor_25_interact
     0000000C  ___bank_actor_43_interact          actor_43_interact
     0000000C  ___bank_actor_44_interact          actor_44_interact
     0000000C  ___bank_actor_4_interact           actor_4_interact
     0000000C  ___bank_actor_6_interact           actor_6_interact
     0000000C  ___bank_bg_placeholder_tileset     bg_placeholder_tileset
     0000000C  ___bank_bg_water_tileset           bg_water_tileset
     0000000C  ___bank_emote_anger                emote_anger
     0000000C  ___bank_emote_shock                emote_shock
     0000000C  ___bank_emote_sleep                emote_sleep
     0000000C  ___bank_frame_image                frame_image
     0000000C  ___bank_palette_0                  palette_0
     0000000C  ___bank_palette_1                  palette_1
ASxxxx Linker V03.00/V05.40 + sdld,  page 10.
Hexadecimal  [32-Bits]

Area                                    Addr        Size        Decimal Bytes (Attributes)
--------------------------------        ----        ----        ------- ----- ------------
.  .ABS.                            00000000    00000000 =           0. bytes (ABS,CON)

      Value  Global                              Global Defined In Module
      -----  --------------------------------   ------------------------
     0000000C  ___bank_palette_10                 palette_10
     0000000C  ___bank_palette_11                 palette_11
     0000000C  ___bank_palette_12                 palette_12
     0000000C  ___bank_palette_13                 palette_13
     0000000C  ___bank_palette_14                 palette_14
     0000000C  ___bank_palette_15                 palette_15
     0000000C  ___bank_palette_16                 palette_16
     0000000C  ___bank_palette_17                 palette_17
     0000000C  ___bank_palette_18                 palette_18
     0000000C  ___bank_palette_19                 palette_19
     0000000C  ___bank_palette_2                  palette_2
     0000000C  ___bank_palette_20                 palette_20
     0000000C  ___bank_palette_21                 palette_21
     0000000C  ___bank_palette_22                 palette_22
     0000000C  ___bank_palette_3                  palette_3
     0000000C  ___bank_palette_4                  palette_4
     0000000C  ___bank_palette_5                  palette_5
     0000000C  ___bank_palette_6                  palette_6
     0000000C  ___bank_palette_7                  palette_7
     0000000C  ___bank_palette_8                  palette_8
     0000000C  ___bank_palette_9                  palette_9
     0000000C  ___bank_scene_0                    scene_0
     0000000C  ___bank_scene_0_actors             scene_0_actors
     0000000C  ___bank_scene_0_p_hit1             scene_0_p_hit1
     0000000C  ___bank_scene_0_projectiles        scene_0_projectiles
     0000000C  ___bank_scene_1                    scene_1
     0000000C  ___bank_scene_10                   scene_10
     0000000C  ___bank_scene_10_actors            scene_10_actors
     0000000C  ___bank_scene_11                   scene_11
     0000000C  ___bank_scene_11_actors            scene_11_actors
     0000000C  ___bank_scene_12                   scene_12
     0000000C  ___bank_scene_12_actors            scene_12_actors
     0000000C  ___bank_scene_13                   scene_13
     0000000C  ___bank_scene_13_actors            scene_13_actors
     0000000C  ___bank_scene_14                   scene_14
     0000000C  ___bank_scene_14_actors            scene_14_actors
     0000000C  ___bank_scene_14_init              scene_14_init
     0000000C  ___bank_scene_15                   scene_15
     0000000C  ___bank_scene_15_actors            scene_15_actors
     0000000C  ___bank_scene_16                   scene_16
     0000000C  ___bank_scene_16_actors            scene_16_actors
     0000000C  ___bank_scene_17                   scene_17
     0000000C  ___bank_scene_17_actors            scene_17_actors
     0000000C  ___bank_scene_18                   scene_18
     0000000C  ___bank_scene_18_actors            scene_18_actors
     0000000C  ___bank_scene_19                   scene_19
     0000000C  ___bank_scene_19_actors            scene_19_actors
     0000000C  ___bank_scene_19_init              scene_19_init
     0000000C  ___bank_scene_19_p_hit1            scene_19_p_hit1
     0000000C  ___bank_scene_19_projectiles       scene_19_projectiles
     0000000C  ___bank_scene_1_init               scene_1_init
ASxxxx Linker V03.00/V05.40 + sdld,  page 11.
Hexadecimal  [32-Bits]

Area                                    Addr        Size        Decimal Bytes (Attributes)
--------------------------------        ----        ----        ------- ----- ------------
.  .ABS.                            00000000    00000000 =           0. bytes (ABS,CON)

      Value  Global                              Global Defined In Module
      -----  --------------------------------   ------------------------
     0000000C  ___bank_scene_2                    scene_2
     0000000C  ___bank_scene_20                   scene_20
     0000000C  ___bank_scene_20_actors            scene_20_actors
     0000000C  ___bank_scene_20_triggers          scene_20_triggers
     0000000C  ___bank_scene_21                   scene_21
     0000000C  ___bank_scene_21_actors            scene_21_actors
     0000000C  ___bank_scene_21_init              scene_21_init
     0000000C  ___bank_scene_22                   scene_22
     0000000C  ___bank_scene_22_actors            scene_22_actors
     0000000C  ___bank_scene_22_init              scene_22_init
     0000000C  ___bank_scene_2_actors             scene_2_actors
     0000000C  ___bank_scene_2_p_hit1             scene_2_p_hit1
     0000000C  ___bank_scene_2_projectiles        scene_2_projectiles
     0000000C  ___bank_scene_2_triggers           scene_2_triggers
     0000000C  ___bank_scene_4                    scene_4
     0000000C  ___bank_scene_4_actors             scene_4_actors
     0000000C  ___bank_scene_4_p_hit1             scene_4_p_hit1
     0000000C  ___bank_scene_4_projectiles        scene_4_projectiles
     0000000C  ___bank_scene_5                    scene_5
     0000000C  ___bank_scene_6                    scene_6
     0000000C  ___bank_scene_6_actors             scene_6_actors
     0000000C  ___bank_scene_7                    scene_7
     0000000C  ___bank_scene_7_actors             scene_7_actors
     0000000C  ___bank_scene_7_init               scene_7_init
     0000000C  ___bank_scene_8                    scene_8
     0000000C  ___bank_scene_8_actors             scene_8_actors
     0000000C  ___bank_scene_9                    scene_9
     0000000C  ___bank_scene_9_actors             scene_9_actors
     0000000C  ___bank_script_0                   script_0
     0000000C  ___bank_script_1                   script_1
     0000000C  ___bank_script_10                  script_10
     0000000C  ___bank_script_13                  script_13
     0000000C  ___bank_script_20                  script_20
     0000000C  ___bank_script_5                   script_5
     0000000C  ___bank_script_7                   script_7
     0000000C  ___bank_script_9                   script_9
     0000000C  ___bank_script_engine_init         
     0000000C  ___bank_script_input_0             script_input_0
     0000000C  ___bank_script_input_10            script_input_10
     0000000C  ___bank_script_input_11            script_input_11
     0000000C  ___bank_script_input_12            script_input_12
     0000000C  ___bank_script_input_13            script_input_13
     0000000C  ___bank_script_input_14            script_input_14
     0000000C  ___bank_script_input_15            script_input_15
     0000000C  ___bank_script_input_16            script_input_16
     0000000C  ___bank_script_input_17            script_input_17
     0000000C  ___bank_script_input_18            script_input_18
     0000000C  ___bank_script_input_19            script_input_19
     0000000C  ___bank_script_input_20            script_input_20
     0000000C  ___bank_script_input_21            script_input_21
     0000000C  ___bank_script_input_22            script_input_22
ASxxxx Linker V03.00/V05.40 + sdld,  page 12.
Hexadecimal  [32-Bits]

Area                                    Addr        Size        Decimal Bytes (Attributes)
--------------------------------        ----        ----        ------- ----- ------------
.  .ABS.                            00000000    00000000 =           0. bytes (ABS,CON)

      Value  Global                              Global Defined In Module
      -----  --------------------------------   ------------------------
     0000000C  ___bank_script_input_23            script_input_23
     0000000C  ___bank_script_input_25            script_input_25
     0000000C  ___bank_script_input_28            script_input_28
     0000000C  ___bank_script_input_5             script_input_5
     0000000C  ___bank_script_input_7             script_input_7
     0000000C  ___bank_script_input_8             script_input_8
     0000000C  ___bank_script_input_9             script_input_9
     0000000C  ___bank_script_timer_1             script_timer_1
     0000000C  ___bank_script_timer_2             script_timer_2
     0000000C  ___bank_script_timer_3             script_timer_3
     0000000C  ___bank_script_timer_4             script_timer_4
     0000000C  ___bank_script_timer_7             script_timer_7
     0000000C  ___bank_script_timer_8             script_timer_8
     0000000C  ___bank_sprite_cartello            sprite_cartello
     0000000C  ___bank_sprite_cartello_tileset    sprite_cartello_tileset
     0000000C  ___bank_sprite_cassagirata         sprite_cassagirata
     0000000C  ___bank_sprite_cassagirata_tiles   sprite_cassagirata_tileset
     0000000C  ___bank_sprite_cultistaanimated    sprite_cultistaanimated
     0000000C  ___bank_sprite_cuoremiriel_tiles   sprite_cuoremiriel_tileset
     0000000C  ___bank_sprite_luponpc             sprite_luponpc
     0000000C  ___bank_sprite_mirielanimated      sprite_mirielanimated
     0000000C  ___bank_sprite_moneta              sprite_moneta
     0000000C  ___bank_sprite_moneta_tileset      sprite_moneta_tileset
     0000000C  ___bank_sprite_npc                 sprite_npc
     0000000C  ___bank_sprite_npc2                sprite_npc2
     0000000C  ___bank_sprite_npc3                sprite_npc3
     0000000C  ___bank_sprite_npc4                sprite_npc4
     0000000C  ___bank_sprite_npc5                sprite_npc5
     0000000C  ___bank_sprite_spr12_tileset       sprite_spr12_tileset
     0000000C  __start_save                    
     0000000C  b_events_init                      events
     0000000C  b_music_events_poll                music_manager
     0000000C  b_music_init_driver                music_manager
     0000000C  b_music_init_events                music_manager
     0000000C  b_restore_sram                     flasher
     0000000C  b_restore_sram_bank                flasher
     0000000C  b_save_sram                        flasher
     0000000C  b_scroll_rect                      
     0000000C  b_timers_init                      events
     0000000C  b_vm_print_detect                  vm_gbprinter
     0000000C  b_vm_print_overlay                 vm_gbprinter
     0000000C  b_vm_projectile_launch             vm_projectiles
     0000000C  b_vm_projectile_load_type          vm_projectiles
     0000000C  b_vm_save_clear                    vm_load_save
     0000000C  b_vm_save_peek                     vm_load_save
     0000000C  b_vm_scene_pop                     vm_scene
     0000000C  b_vm_scene_pop_all                 vm_scene
     0000000C  b_vm_scene_push                    vm_scene
     0000000C  b_vm_scene_stack_reset             vm_scene
     0000000D  ___bank_actor_21_interact          actor_21_interact
     0000000D  ___bank_actor_26_interact          actor_26_interact
ASxxxx Linker V03.00/V05.40 + sdld,  page 13.
Hexadecimal  [32-Bits]

Area                                    Addr        Size        Decimal Bytes (Attributes)
--------------------------------        ----        ----        ------- ----- ------------
.  .ABS.                            00000000    00000000 =           0. bytes (ABS,CON)

      Value  Global                              Global Defined In Module
      -----  --------------------------------   ------------------------
     0000000D  ___bank_actor_28_interact          actor_28_interact
     0000000D  ___bank_bg_campana                 bg_campana
     0000000D  ___bank_bg_campanilescala          bg_campanilescala
     0000000D  ___bank_bg_casadefault             bg_casadefault
     0000000D  ___bank_bg_casadefault2            bg_casadefault2
     0000000D  ___bank_bg_casadefault3            bg_casadefault3
     0000000D  ___bank_bg_casafabbro              bg_casafabbro
     0000000D  ___bank_bg_casamiriel              bg_casamiriel
     0000000D  ___bank_bg_casasindaco             bg_casasindaco
     0000000D  ___bank_bg_guardianovillaggio1     bg_guardianovillaggio1
     0000000D  ___bank_bg_libreria                bg_libreria
     0000000D  ___bank_bg_locanda                 bg_locanda
     0000000D  ___bank_bg_logo                    bg_logo
     0000000D  ___bank_bg_placeholder             bg_placeholder
     0000000D  ___bank_bg_scena1miriel            bg_scena1miriel
     0000000D  ___bank_bg_stanzalocanda           bg_stanzalocanda
     0000000D  ___bank_bg_stanzalocanda2          bg_stanzalocanda2
     0000000D  ___bank_bg_stanzalocandaribaltat   bg_stanzalocandaribaltata
     0000000D  ___bank_bg_stanzalocandaribaltat   bg_stanzalocandaribaltata2
     0000000D  ___bank_bg_viaggiorapidovillaggi   bg_viaggiorapidovillaggio1
     0000000D  ___bank_bg_villaggiomiriel1        bg_villaggiomiriel1
     0000000D  ___bank_bg_villaggiomiriel2        bg_villaggiomiriel2
     0000000D  ___bank_bg_water                   bg_water
     0000000D  ___bank_scene_0_init               scene_0_init
     0000000D  ___bank_scene_0_sprites            scene_0_sprites
     0000000D  ___bank_scene_10_init              scene_10_init
     0000000D  ___bank_scene_10_triggers          scene_10_triggers
     0000000D  ___bank_scene_11_sprites           scene_11_sprites
     0000000D  ___bank_scene_11_triggers          scene_11_triggers
     0000000D  ___bank_scene_12_init              scene_12_init
     0000000D  ___bank_scene_12_sprites           scene_12_sprites
     0000000D  ___bank_scene_12_triggers          scene_12_triggers
     0000000D  ___bank_scene_13_init              scene_13_init
     0000000D  ___bank_scene_13_sprites           scene_13_sprites
     0000000D  ___bank_scene_13_triggers          scene_13_triggers
     0000000D  ___bank_scene_14_triggers          scene_14_triggers
     0000000D  ___bank_scene_15_init              scene_15_init
     0000000D  ___bank_scene_15_sprites           scene_15_sprites
     0000000D  ___bank_scene_15_triggers          scene_15_triggers
     0000000D  ___bank_scene_16_init              scene_16_init
     0000000D  ___bank_scene_16_triggers          scene_16_triggers
     0000000D  ___bank_scene_17_init              scene_17_init
     0000000D  ___bank_scene_17_sprites           scene_17_sprites
     0000000D  ___bank_scene_17_triggers          scene_17_triggers
     0000000D  ___bank_scene_18_init              scene_18_init
     0000000D  ___bank_scene_18_sprites           scene_18_sprites
     0000000D  ___bank_scene_18_triggers          scene_18_triggers
     0000000D  ___bank_scene_19_sprites           scene_19_sprites
     0000000D  ___bank_scene_20_sprites           scene_20_sprites
     0000000D  ___bank_scene_21_sprites           scene_21_sprites
     0000000D  ___bank_scene_21_triggers          scene_21_triggers
ASxxxx Linker V03.00/V05.40 + sdld,  page 14.
Hexadecimal  [32-Bits]

Area                                    Addr        Size        Decimal Bytes (Attributes)
--------------------------------        ----        ----        ------- ----- ------------
.  .ABS.                            00000000    00000000 =           0. bytes (ABS,CON)

      Value  Global                              Global Defined In Module
      -----  --------------------------------   ------------------------
     0000000D  ___bank_scene_22_sprites           scene_22_sprites
     0000000D  ___bank_scene_22_triggers          scene_22_triggers
     0000000D  ___bank_scene_2_sprites            scene_2_sprites
     0000000D  ___bank_scene_4_sprites            scene_4_sprites
     0000000D  ___bank_scene_4_triggers           scene_4_triggers
     0000000D  ___bank_scene_5_init               scene_5_init
     0000000D  ___bank_scene_5_sprites            scene_5_sprites
     0000000D  ___bank_scene_5_triggers           scene_5_triggers
     0000000D  ___bank_scene_6_init               scene_6_init
     0000000D  ___bank_scene_6_sprites            scene_6_sprites
     0000000D  ___bank_scene_6_triggers           scene_6_triggers
     0000000D  ___bank_scene_7_sprites            scene_7_sprites
     0000000D  ___bank_scene_7_triggers           scene_7_triggers
     0000000D  ___bank_scene_8_init               scene_8_init
     0000000D  ___bank_scene_8_sprites            scene_8_sprites
     0000000D  ___bank_scene_8_triggers           scene_8_triggers
     0000000D  ___bank_scene_9_init               scene_9_init
     0000000D  ___bank_scene_9_sprites            scene_9_sprites
     0000000D  ___bank_scene_9_triggers           scene_9_triggers
     0000000D  ___bank_script_11                  script_11
     0000000D  ___bank_script_12                  script_12
     0000000D  ___bank_script_14                  script_14
     0000000D  ___bank_script_19                  script_19
     0000000D  ___bank_script_21                  script_21
     0000000D  ___bank_script_22                  script_22
     0000000D  ___bank_script_input_1             script_input_1
     0000000D  ___bank_script_input_2             script_input_2
     0000000D  ___bank_script_input_24            script_input_24
     0000000D  ___bank_script_input_6             script_input_6
     0000000D  ___bank_script_timer_0             script_timer_0
     0000000D  ___bank_sprite_blanktile           sprite_blanktile
     0000000D  ___bank_sprite_blanktile_tileset   sprite_blanktile_tileset
     0000000D  ___bank_sprite_spada               sprite_spada
     0000000D  ___bank_sprite_spada1              sprite_spada1
     0000000D  ___bank_sprite_spada1_tileset      sprite_spada1_tileset
     0000000D  ___bank_sprite_spada_tileset       sprite_spada_tileset
     0000000D  ___bank_sprite_spr12               sprite_spr12
     0000000D  ___bank_spritesheet_none           spritesheet_none
     0000000D  ___bank_trigger_0_interact         trigger_0_interact
     0000000D  ___bank_trigger_10_interact        trigger_10_interact
     0000000D  ___bank_trigger_11_interact        trigger_11_interact
     0000000D  ___bank_trigger_12_interact        trigger_12_interact
     0000000D  ___bank_trigger_13_interact        trigger_13_interact
     0000000D  ___bank_trigger_14_interact        trigger_14_interact
     0000000D  ___bank_trigger_16_interact        trigger_16_interact
     0000000D  ___bank_trigger_17_interact        trigger_17_interact
     0000000D  ___bank_trigger_18_interact        trigger_18_interact
     0000000D  ___bank_trigger_19_interact        trigger_19_interact
     0000000D  ___bank_trigger_1_interact         trigger_1_interact
     0000000D  ___bank_trigger_20_interact        trigger_20_interact
     0000000D  ___bank_trigger_21_interact        trigger_21_interact
ASxxxx Linker V03.00/V05.40 + sdld,  page 15.
Hexadecimal  [32-Bits]

Area                                    Addr        Size        Decimal Bytes (Attributes)
--------------------------------        ----        ----        ------- ----- ------------
.  .ABS.                            00000000    00000000 =           0. bytes (ABS,CON)

      Value  Global                              Global Defined In Module
      -----  --------------------------------   ------------------------
     0000000D  ___bank_trigger_22_interact        trigger_22_interact
     0000000D  ___bank_trigger_23_interact        trigger_23_interact
     0000000D  ___bank_trigger_24_interact        trigger_24_interact
     0000000D  ___bank_trigger_25_interact        trigger_25_interact
     0000000D  ___bank_trigger_26_interact        trigger_26_interact
     0000000D  ___bank_trigger_27_interact        trigger_27_interact
     0000000D  ___bank_trigger_28_interact        trigger_28_interact
     0000000D  ___bank_trigger_29_interact        trigger_29_interact
     0000000D  ___bank_trigger_2_interact         trigger_2_interact
     0000000D  ___bank_trigger_30_interact        trigger_30_interact
     0000000D  ___bank_trigger_31_interact        trigger_31_interact
     0000000D  ___bank_trigger_32_interact        trigger_32_interact
     0000000D  ___bank_trigger_33_interact        trigger_33_interact
     0000000D  ___bank_trigger_35_interact        trigger_35_interact
     0000000D  ___bank_trigger_37_interact        trigger_37_interact
     0000000D  ___bank_trigger_38_interact        trigger_38_interact
     0000000D  ___bank_trigger_39_interact        trigger_39_interact
     0000000D  ___bank_trigger_3_interact         trigger_3_interact
     0000000D  ___bank_trigger_40_interact        trigger_40_interact
     0000000D  ___bank_trigger_41_interact        trigger_41_interact
     0000000D  ___bank_trigger_42_interact        trigger_42_interact
     0000000D  ___bank_trigger_43_interact        trigger_43_interact
     0000000D  ___bank_trigger_44_interact        trigger_44_interact
     0000000D  ___bank_trigger_45_interact        trigger_45_interact
     0000000D  ___bank_trigger_46_interact        trigger_46_interact
     0000000D  ___bank_trigger_47_interact        trigger_47_interact
     0000000D  ___bank_trigger_48_interact        trigger_48_interact
     0000000D  ___bank_trigger_4_interact         trigger_4_interact
     0000000D  ___bank_trigger_51_interact        trigger_51_interact
     0000000D  ___bank_trigger_5_interact         trigger_5_interact
     0000000D  ___bank_trigger_6_interact         trigger_6_interact
     0000000D  ___bank_trigger_7_interact         trigger_7_interact
     0000000D  ___bank_trigger_8_interact         trigger_8_interact
     0000000D  ___bank_trigger_9_interact         trigger_9_interact
     0000000D  b_SIO_init                         sio
     0000000D  b_camera_init                      camera
     0000000D  b_camera_reset                     camera
     0000000D  b_input_init                       input
     0000000D  b_logo_init                        logo
     0000000D  b_logo_update                      logo
     0000000D  b_parallax_init                    parallax
     0000000D  b_remove_LCD_ISRs                  interrupts
     0000001A  l__INITIALIZED                  
     0000001A  l__INITIALIZER                  
     00000027  l__GSINIT                       
     00000030  l__HEADER7                      
     00000060  l__HEADER4                      
     00000080  ___size_SGB_border_pal             border
     000000AB  l__HEADER11                     
     000001CB  l__CRASH_SCRATCH2               
     00000200  s__CODE                         
ASxxxx Linker V03.00/V05.40 + sdld,  page 16.
Hexadecimal  [32-Bits]

Area                                    Addr        Size        Decimal Bytes (Attributes)
--------------------------------        ----        ----        ------- ----- ------------
.  .ABS.                            00000000    00000000 =           0. bytes (ABS,CON)

      Value  Global                              Global Defined In Module
      -----  --------------------------------   ------------------------
     00000700  ___size_SGB_border_map             border
     00000ECB  l__CODE                         
     00000F59  l__CODE_13                      
     000010CB  s__HOME                         
     00001280  ___size_SGB_border_chr             border
     00001992  l__DATA                         
     00002000  _rROMB0                            
     00002B07  l__HOME                         
     00003000  _rROMB1                            
     00003BD2  s__BASE                         
     00003BD2  s__CODE_0                       
     00003BD2  s__INITIALIZER                  
     00003BD2  s__LIT                          
     00003BEC  s__GSINIT                       
     00003C13  s__GSFINAL                      
     00003FFF  l__CODE_10                      
     00003FFF  l__CODE_11                      
     00003FFF  l__CODE_12                      
     00004000  _RTC_SELECT_REG                    vm_rtc
     00004000  _rRAMB                             
     00004000  l__CODE_1                       
     00004000  l__CODE_2                       
     00004000  l__CODE_3                       
     00004000  l__CODE_4                       
     00004000  l__CODE_5                       
     00004000  l__CODE_6                       
     00004000  l__CODE_7                       
     00004000  l__CODE_8                       
     00004000  l__CODE_9                       
     00006000  _RTC_LATCH_REG                     vm_rtc
     00008000  __VRAM                             
     00008000  __VRAM8000                         
     00008800  __VRAM8800                         
     00009000  __VRAM9000                         
     00009800  __SCRN0                            
     00009C00  __SCRN1                            
     0000A000  _RTC_VALUE_REG                     vm_rtc
     0000A000  __SRAM                             
     0000C000  __RAM                              
     0000C000  _shadow_OAM                     
     0000C0A0  s__DATA                         
     0000D000  __RAMBANK                          
     0000DA32  s__BSS                          
     0000DA32  s__INITIALIZED                  
     0000DA4C  s__HEAP                         
     0000DA4C  s__HEAP_END                     
     0000DF00  .STACK                          
     0000DF00  _shadow_OAM2                       absolute
     0000DFA0  _BkgPalette                        absolute
     0000DFE0  _vwf_tile_data                     absolute
     0000FE00  __OAMRAM                           
ASxxxx Linker V03.00/V05.40 + sdld,  page 17.
Hexadecimal  [32-Bits]

Area                                    Addr        Size        Decimal Bytes (Attributes)
--------------------------------        ----        ----        ------- ----- ------------
.  .ABS.                            00000000    00000000 =           0. bytes (ABS,CON)

      Value  Global                              Global Defined In Module
      -----  --------------------------------   ------------------------
     0000FF00  _P1_REG                            
     0000FF00  __IO                               
     0000FF01  _SB_REG                            
     0000FF02  _SC_REG                            
     0000FF04  _DIV_REG                           
     0000FF05  _TIMA_REG                          
     0000FF06  _TMA_REG                           
     0000FF07  _TAC_REG                           
     0000FF0F  _IF_REG                            
     0000FF10  _NR10_REG                          
     0000FF11  _NR11_REG                          
     0000FF12  _NR12_REG                          
     0000FF13  _NR13_REG                          
     0000FF14  _NR14_REG                          
     0000FF16  _NR21_REG                          
     0000FF17  _NR22_REG                          
     0000FF18  _NR23_REG                          
     0000FF19  _NR24_REG                          
     0000FF1A  _NR30_REG                          
     0000FF1B  _NR31_REG                          
     0000FF1C  _NR32_REG                          
     0000FF1D  _NR33_REG                          
     0000FF1E  _NR34_REG                          
     0000FF20  _NR41_REG                          
     0000FF21  _NR42_REG                          
     0000FF22  _NR43_REG                          
     0000FF23  _NR44_REG                          
     0000FF24  _NR50_REG                          
     0000FF25  _NR51_REG                          
     0000FF26  _NR52_REG                          
     0000FF30  _AUD3WAVE                          
     0000FF30  _PCM_SAMPLE                        
     0000FF30  __AUD3WAVERAM                      
     0000FF40  _LCDC_REG                          
     0000FF41  _STAT_REG                          
     0000FF42  _SCY_REG                           
     0000FF43  _SCX_REG                           
     0000FF44  _LY_REG                            
     0000FF45  _LYC_REG                           
     0000FF46  _DMA_REG                           
     0000FF47  _BGP_REG                           
     0000FF48  _OBP0_REG                          
     0000FF49  _OBP1_REG                          
     0000FF4A  _WY_REG                            
     0000FF4B  _WX_REG                            
     0000FF4D  _KEY1_REG                          
     0000FF4F  _VBK_REG                           
     0000FF51  _HDMA1_REG                         
     0000FF52  _HDMA2_REG                         
     0000FF53  _HDMA3_REG                         
     0000FF54  _HDMA4_REG                         
ASxxxx Linker V03.00/V05.40 + sdld,  page 18.
Hexadecimal  [32-Bits]

Area                                    Addr        Size        Decimal Bytes (Attributes)
--------------------------------        ----        ----        ------- ----- ------------
.  .ABS.                            00000000    00000000 =           0. bytes (ABS,CON)

      Value  Global                              Global Defined In Module
      -----  --------------------------------   ------------------------
     0000FF55  _HDMA5_REG                         
     0000FF56  _RP_REG                            
     0000FF68  _BCPS_REG                          
     0000FF69  _BCPD_REG                          
     0000FF6A  _OCPS_REG                          
     0000FF6B  _OCPD_REG                          
     0000FF70  _SVBK_REG                          
     0000FF76  _PCM12_REG                         
     0000FF77  _PCM34_REG                         
     0000FF80  .refresh_OAM                    
     0000FF80  __HRAM                             
     0000FFFF  _IE_REG                            
     00014000  s__CODE_1                       
     00024000  s__CODE_2                       
     00034000  s__CODE_3                       
     00044000  s__CODE_4                       
     00054000  s__CODE_5                       
     00064000  s__CODE_6                       
     00074000  s__CODE_7                       
     00084000  s__CODE_8                       
     00094000  s__CODE_9                       
     000A4000  s__CODE_10                      
     000B4000  s__CODE_11                      
     000C4000  s__CODE_12                      
     000D4000  s__CODE_13                      
ASxxxx Linker V03.00/V05.40 + sdld,  page 19.
Hexadecimal  [32-Bits]

Area                                    Addr        Size        Decimal Bytes (Attributes)
--------------------------------        ----        ----        ------- ----- ------------
_CODE                               00000200    00000ECB =        3787. bytes (REL,CON)

      Value  Global                              Global Defined In Module
      -----  --------------------------------   ------------------------
     00000200  ___HandleCrash                     
     0000020A  _SIO_send_byte                     
     0000021D  _SIO_receive                       
     0000022E  _GetWinAddr                        
     00000236  _GetBkgAddr                        
     00000244  _state_init                        
     00000249  _state_update                      
     0000026B  _ui_time_masks                     
     00000273  _ui_print_shift_char               
     000002F6  _ui_draw_frame_row                 
     000002FF  .ui_draw_frame_row                 
     00000328  _script_cmds                       vm_instructions
     00000560  _save_signature                    game_signature
     00000564  _start_scene_x                     
     00000566  _start_scene_y                     
     00000568  _start_scene_dir                   
     00000569  _start_scene                       
     0000056C  _start_player_move_speed           
     0000056D  _start_player_anim_tick            
     0000056E  _ui_fonts                          
     00000571  _core_reset_hook                   main
     00000579  _main                              main
     00000581  _state_start_fns                   
     00000593  _state_update_fns                  
     000005A5  _hUGE_init                         hUGEDriver_obj
     000005A7  hUGE_init                          hUGEDriver_obj
     000005FD  _hUGE_mute_channel                 hUGEDriver_obj
     000005FF  hUGE_mute_channel                  hUGEDriver_obj
     0000084D  _hUGE_set_position                 hUGEDriver_obj
     0000084F  hUGE_set_position                  hUGEDriver_obj
     00000A14  _hUGE_dosound                      hUGEDriver_obj
     00000A14  hUGE_dosound                       hUGEDriver_obj
     00000D40  _get_vram_byte                     
     00000D48  _get_win_tile_xy                   
     00000D50  _get_bkg_tile_xy                   
     00000D77  _set_sprite_palette                CGB
     00000D7C  _set_bkg_palette                   CGB
     00000D7F  .set_palette                       CGB
     00000D9E  _set_sprite_palette_entry          CGB
     00000DA3  _set_bkg_palette_entry             CGB
     00000DA6  .set_palette_entry                 CGB
     00000DC2  _hide_sprites_range                Metasprites
     00000DF1  __mulsuchar                        mul
     00000DF4  __muluschar                        mul
     00000DFD  __mulschar                         mul
     00000E05  __mulint                           mul
     00000E24  __muluchar                         mul
     00000E36  _set_vram_byte                     
     00000E3F  _set_win_tile_xy                   
     00000E47  _set_bkg_tile_xy                   
ASxxxx Linker V03.00/V05.40 + sdld,  page 20.
Hexadecimal  [32-Bits]

Area                                    Addr        Size        Decimal Bytes (Attributes)
--------------------------------        ----        ----        ------- ----- ------------
_CODE                               00000200    00000ECB =        3787. bytes (REL,CON)

      Value  Global                              Global Defined In Module
      -----  --------------------------------   ------------------------
     00000E71  .sgb_check                         
     00000E71  _sgb_check                         
     00000EB9  _sgb_transfer                      
     00000EBE  .sgb_transfer                      
     00000EFF  .copy_vram                         
     00000F05  _get_data                          
     00000F05  _set_data                          
     00000F05  _vmemcpy                           
     00000F53  ___move_metasprite                 Metasprites
     00000F90  ___memcpy                          
     00000F90  _memcpy                            
     00000FC2  _cpu_slow                          CGB
     00000FDD  _cpu_fast                          CGB
     00000FE4  __divsuchar                        divmod
     00000FEA  __modsuchar                        divmod
     00000FF3  __divuschar                        divmod
     00000FFC  __moduschar                        divmod
     00001008  __divschar                         divmod
     0000100D  __modschar                         divmod
     00001014  __divsint                          divmod
     0000101D  __modsint                          divmod
     00001029  __divuchar                         divmod
     0000102E  __moduchar                         divmod
     00001035  __divuint                          divmod
     0000103E  __moduint                          divmod
     0000104A  .div8                              divmod
     0000104A  .mod8                              divmod
     00001052  .div16                             divmod
     00001052  .mod16                             divmod
     00001088  .divu8                             divmod
     00001088  .modu8                             divmod
     0000108B  .divu16                            divmod
     0000108B  .modu16                            divmod

ASxxxx Linker V03.00/V05.40 + sdld,  page 21.
Hexadecimal  [32-Bits]

Area                                    Addr        Size        Decimal Bytes (Attributes)
--------------------------------        ----        ----        ------- ----- ------------
_HEADER0                            00000000    00000001 =           1. bytes (ABS,CON)

      Value  Global                              Global Defined In Module
      -----  --------------------------------   ------------------------
     00000020  .call_hl                           Runtime

ASxxxx Linker V03.00/V05.40 + sdld,  page 22.
Hexadecimal  [32-Bits]

Area                                    Addr        Size        Decimal Bytes (Attributes)
--------------------------------        ----        ----        ------- ----- ------------
_HEADER1                            00000000    00000005 =           5. bytes (ABS,CON)

      Value  Global                              Global Defined In Module
      -----  --------------------------------   ------------------------
     00000028  .MemsetSmall                       Runtime

ASxxxx Linker V03.00/V05.40 + sdld,  page 23.
Hexadecimal  [32-Bits]

Area                                    Addr        Size        Decimal Bytes (Attributes)
--------------------------------        ----        ----        ------- ----- ------------
_HEADER2                            00000000    00000007 =           7. bytes (ABS,CON)

      Value  Global                              Global Defined In Module
      -----  --------------------------------   ------------------------
     00000030  .MemcpySmall                       Runtime

ASxxxx Linker V03.00/V05.40 + sdld,  page 24.
Hexadecimal  [32-Bits]

Area                                    Addr        Size        Decimal Bytes (Attributes)
--------------------------------        ----        ----        ------- ----- ------------
_HEADER3                            00000000    00000008 =           8. bytes (ABS,CON)

      Value  Global                              Global Defined In Module
      -----  --------------------------------   ------------------------
ASxxxx Linker V03.00/V05.40 + sdld,  page 25.
Hexadecimal  [32-Bits]

Area                                    Addr        Size        Decimal Bytes (Attributes)
--------------------------------        ----        ----        ------- ----- ------------
_HEADER4                            00000000    00000060 =          96. bytes (ABS,CON)

      Value  Global                              Global Defined In Module
      -----  --------------------------------   ------------------------
     00000080  .int                               Runtime
     0000008F  _wait_int_handler                  Runtime
     0000009C  __standard_VBL_handler             Runtime
     000000AB  _refresh_OAM                       Runtime
     000000CC  _set_interrupts                    Runtime

ASxxxx Linker V03.00/V05.40 + sdld,  page 26.
Hexadecimal  [32-Bits]

Area                                    Addr        Size        Decimal Bytes (Attributes)
--------------------------------        ----        ----        ------- ----- ------------
_HEADER5                            00000000    00000001 =           1. bytes (ABS,CON)

      Value  Global                              Global Defined In Module
      -----  --------------------------------   ------------------------
ASxxxx Linker V03.00/V05.40 + sdld,  page 27.
Hexadecimal  [32-Bits]

Area                                    Addr        Size        Decimal Bytes (Attributes)
--------------------------------        ----        ----        ------- ----- ------------
_HEADER6                            00000000    00000002 =           2. bytes (ABS,CON)

      Value  Global                              Global Defined In Module
      -----  --------------------------------   ------------------------
ASxxxx Linker V03.00/V05.40 + sdld,  page 28.
Hexadecimal  [32-Bits]

Area                                    Addr        Size        Decimal Bytes (Attributes)
--------------------------------        ----        ----        ------- ----- ------------
_HEADER7                            00000000    00000030 =          48. bytes (ABS,CON)

      Value  Global                              Global Defined In Module
      -----  --------------------------------   ------------------------
ASxxxx Linker V03.00/V05.40 + sdld,  page 29.
Hexadecimal  [32-Bits]

Area                                    Addr        Size        Decimal Bytes (Attributes)
--------------------------------        ----        ----        ------- ----- ------------
_HEADER8                            00000000    00000006 =           6. bytes (ABS,CON)

      Value  Global                              Global Defined In Module
      -----  --------------------------------   ------------------------
ASxxxx Linker V03.00/V05.40 + sdld,  page 30.
Hexadecimal  [32-Bits]

Area                                    Addr        Size        Decimal Bytes (Attributes)
--------------------------------        ----        ----        ------- ----- ------------
_HEADER9                            00000000    00000003 =           3. bytes (ABS,CON)

      Value  Global                              Global Defined In Module
      -----  --------------------------------   ------------------------
ASxxxx Linker V03.00/V05.40 + sdld,  page 31.
Hexadecimal  [32-Bits]

Area                                    Addr        Size        Decimal Bytes (Attributes)
--------------------------------        ----        ----        ------- ----- ------------
_HEADERa                            00000000    00000001 =           1. bytes (ABS,CON)

      Value  Global                              Global Defined In Module
      -----  --------------------------------   ------------------------
ASxxxx Linker V03.00/V05.40 + sdld,  page 32.
Hexadecimal  [32-Bits]

Area                                    Addr        Size        Decimal Bytes (Attributes)
--------------------------------        ----        ----        ------- ----- ------------
_HEADERb                            00000000    00000001 =           1. bytes (ABS,CON)

      Value  Global                              Global Defined In Module
      -----  --------------------------------   ------------------------
ASxxxx Linker V03.00/V05.40 + sdld,  page 33.
Hexadecimal  [32-Bits]

Area                                    Addr        Size        Decimal Bytes (Attributes)
--------------------------------        ----        ----        ------- ----- ------------
_HEADERc                            00000000    00000001 =           1. bytes (ABS,CON)

      Value  Global                              Global Defined In Module
      -----  --------------------------------   ------------------------
ASxxxx Linker V03.00/V05.40 + sdld,  page 34.
Hexadecimal  [32-Bits]

Area                                    Addr        Size        Decimal Bytes (Attributes)
--------------------------------        ----        ----        ------- ----- ------------
_HEADERd                            00000000    00000002 =           2. bytes (ABS,CON)

      Value  Global                              Global Defined In Module
      -----  --------------------------------   ------------------------
ASxxxx Linker V03.00/V05.40 + sdld,  page 35.
Hexadecimal  [32-Bits]

Area                                    Addr        Size        Decimal Bytes (Attributes)
--------------------------------        ----        ----        ------- ----- ------------
_HEADERe                            00000000    00000001 =           1. bytes (ABS,CON)

      Value  Global                              Global Defined In Module
      -----  --------------------------------   ------------------------
ASxxxx Linker V03.00/V05.40 + sdld,  page 36.
Hexadecimal  [32-Bits]

Area                                    Addr        Size        Decimal Bytes (Attributes)
--------------------------------        ----        ----        ------- ----- ------------
_HEADERf                            00000000    00000001 =           1. bytes (ABS,CON)

      Value  Global                              Global Defined In Module
      -----  --------------------------------   ------------------------
ASxxxx Linker V03.00/V05.40 + sdld,  page 37.
Hexadecimal  [32-Bits]

Area                                    Addr        Size        Decimal Bytes (Attributes)
--------------------------------        ----        ----        ------- ----- ------------
_HEADER10                           00000000    00000002 =           2. bytes (ABS,CON)

      Value  Global                              Global Defined In Module
      -----  --------------------------------   ------------------------
ASxxxx Linker V03.00/V05.40 + sdld,  page 38.
Hexadecimal  [32-Bits]

Area                                    Addr        Size        Decimal Bytes (Attributes)
--------------------------------        ----        ----        ------- ----- ------------
_HEADER11                           00000000    000000AB =         171. bytes (ABS,CON)

      Value  Global                              Global Defined In Module
      -----  --------------------------------   ------------------------
     00000150  .reset                             Runtime
     00000150  _reset                             Runtime
     00000157  .code_start                        Runtime
     000001B9  _exit                              Runtime
     000001BD  .wait_vbl_done                     Runtime
     000001BD  _vsync                             Runtime
     000001BD  _wait_vbl_done                     Runtime
     000001CD  .remove_VBL                        Runtime
     000001CD  _remove_VBL                        Runtime
     000001D0  .remove_int                        Runtime
     000001ED  .add_VBL                           Runtime
     000001ED  _add_VBL                           Runtime
     000001F0  .add_int                           Runtime

ASxxxx Linker V03.00/V05.40 + sdld,  page 39.
Hexadecimal  [32-Bits]

Area                                    Addr        Size        Decimal Bytes (Attributes)
--------------------------------        ----        ----        ------- ----- ------------
_HOME                               000010CB    00002B07 =       11015. bytes (REL,CON)

      Value  Global                              Global Defined In Module
      -----  --------------------------------   ------------------------
     000010CB  .memset_simple                     Runtime
     000010D4  .memcpy_simple                     Runtime
     000010F1  .display_off                       Runtime
     000010F1  _display_off                       Runtime
     00001109  _actors_update                     actor
     00001508  _SetBankedBkgData                  bankdata
     00001524  _SetBankedSpriteData               bankdata
     00001540  _SetBankedBkgTiles                 bankdata
     0000155C  _SetBankedWinTiles                 bankdata
     00001578  _ReadBankedFarPtr                  bankdata
     0000159A  _ReadBankedUWORD                   bankdata
     000015B4  _MemcpyBanked                      bankdata
     000015D6  _MemcpyVRAMBanked                  bankdata
     00001605  _IndexOfFarPtr                     bankdata
     0000168A  _camera_update                     camera
     000017BD  _load_animations                   data_manager
     00001816  _events_update                     events
     000018E9  _timers_update                     events
     00001972  _input_update                      input
     00001998  .sio_ISR                           
     000019F2  .timer_ISR                         
     00001A07  _simple_LCD_isr                    interrupts
[...]
C:/Users/scazz/AppData/Local/Temp/_gbsbuild/obj/script_input_22.rel
                                          [ script_input_22 ]
C:/Users/scazz/AppData/Local/Temp/_gbsbuild/obj/script_input_23.rel
                                          [ script_input_23 ]
C:/Users/scazz/AppData/Local/Temp/_gbsbuild/obj/script_input_24.rel
                                          [ script_input_24 ]
C:/Users/scazz/AppData/Local/Temp/_gbsbuild/obj/script_input_25.rel
                                          [ script_input_25 ]
C:/Users/scazz/AppData/Local/Temp/_gbsbuild/obj/script_input_26.rel
                                          [ script_input_26 ]
C:/Users/scazz/AppData/Local/Temp/_gbsbuild/obj/script_input_27.rel
                                          [ script_input_27 ]
C:/Users/scazz/AppData/Local/Temp/_gbsbuild/obj/script_input_28.rel
                                          [ script_input_28 ]
C:/Users/scazz/AppData/Local/Temp/_gbsbuild/obj/script_input_3.rel
                                          [ script_input_3 ]
C:/Users/scazz/AppData/Local/Temp/_gbsbuild/obj/script_input_4.rel
                                          [ script_input_4 ]
C:/Users/scazz/AppData/Local/Temp/_gbsbuild/obj/script_input_5.rel
                                          [ script_input_5 ]
C:/Users/scazz/AppData/Local/Temp/_gbsbuild/obj/script_input_6.rel
                                          [ script_input_6 ]
C:/Users/scazz/AppData/Local/Temp/_gbsbuild/obj/script_input_7.rel
                                          [ script_input_7 ]
C:/Users/scazz/AppData/Local/Temp/_gbsbuild/obj/script_input_8.rel
                                          [ script_input_8 ]
C:/Users/scazz/AppData/Local/Temp/_gbsbuild/obj/script_input_9.rel
                                          [ script_input_9 ]
C:/Users/scazz/AppData/Local/Temp/_gbsbuild/obj/script_timer_0.rel
                                          [ script_timer_0 ]
C:/Users/scazz/AppData/Local/Temp/_gbsbuild/obj/script_timer_1.rel
                                          [ script_timer_1 ]
C:/Users/scazz/AppData/Local/Temp/_gbsbuild/obj/script_timer_10.rel
                                          [ script_timer_10 ]
C:/Users/scazz/AppData/Local/Temp/_gbsbuild/obj/script_timer_2.rel
                                          [ script_timer_2 ]
C:/Users/scazz/AppData/Local/Temp/_gbsbuild/obj/script_timer_3.rel
                                          [ script_timer_3 ]
C:/Users/scazz/AppData/Local/Temp/_gbsbuild/obj/script_timer_4.rel
                                          [ script_timer_4 ]
C:/Users/scazz/AppData/Local/Temp/_gbsbuild/obj/script_timer_5.rel
                                          [ script_timer_5 ]
C:/Users/scazz/AppData/Local/Temp/_gbsbuild/obj/script_timer_6.rel
                                          [ script_timer_6 ]
C:/Users/scazz/AppData/Local/Temp/_gbsbuild/obj/script_timer_7.rel
                                          [ script_timer_7 ]
C:/Users/scazz/AppData/Local/Temp/_gbsbuild/obj/script_timer_8.rel
                                          [ script_timer_8 ]
C:/Users/scazz/AppData/Local/Temp/_gbsbuild/obj/script_timer_9.rel
                                          [ script_timer_9 ]
C:/Users/scazz/AppData/Local/Temp/_gbsbuild/obj/sprite_blanktile_tileset.rel
                                          [ sprite_blanktile_tileset ]
C:/Users/scazz/AppData/Local/Temp/_gbsbuild/obj/sprite_blanktile.rel
                                          [ sprite_blanktile ]
C:/Users/scazz/AppData/Local/Temp/_gbsbuild/obj/sprite_cartello_tileset.rel
                                          [ sprite_cartello_tileset ]
C:/Users/scazz/AppData/Local/Temp/_gbsbuild/obj/sprite_cartello.rel
                                          [ sprite_cartello ]
C:/Users/scazz/AppData/Local/Temp/_gbsbuild/obj/sprite_cassagirata_tileset.rel
                                          [ sprite_cassagirata_tileset ]
C:/Users/scazz/AppData/Local/Temp/_gbsbuild/obj/sprite_cassagirata.rel
                                          [ sprite_cassagirata ]
C:/Users/scazz/AppData/Local/Temp/_gbsbuild/obj/sprite_cultistaanimated_tileset.rel
                                          [ sprite_cultistaanimated_tileset ]
C:/Users/scazz/AppData/Local/Temp/_gbsbuild/obj/sprite_cultistaanimated.rel
                                          [ sprite_cultistaanimated ]
C:/Users/scazz/AppData/Local/Temp/_gbsbuild/obj/sprite_cuoremiriel_tileset.rel
                                          [ sprite_cuoremiriel_tileset ]
C:/Users/scazz/AppData/Local/Temp/_gbsbuild/obj/sprite_cuoremiriel.rel
                                          [ sprite_cuoremiriel ]
C:/Users/scazz/AppData/Local/Temp/_gbsbuild/obj/sprite_fabbrostatic_tileset.rel
                                          [ sprite_fabbrostatic_tileset ]
C:/Users/scazz/AppData/Local/Temp/_gbsbuild/obj/sprite_fabbrostatic.rel
                                          [ sprite_fabbrostatic ]
C:/Users/scazz/AppData/Local/Temp/_gbsbuild/obj/sprite_luponpc_tileset.rel
                                          [ sprite_luponpc_tileset ]
C:/Users/scazz/AppData/Local/Temp/_gbsbuild/obj/sprite_luponpc.rel
                                          [ sprite_luponpc ]
C:/Users/scazz/AppData/Local/Temp/_gbsbuild/obj/sprite_mirielanimated_tileset.rel
                                          [ sprite_mirielanimated_tileset ]
C:/Users/scazz/AppData/Local/Temp/_gbsbuild/obj/sprite_mirielanimated.rel
                                          [ sprite_mirielanimated ]
C:/Users/scazz/AppData/Local/Temp/_gbsbuild/obj/sprite_mirielanimatedsword_tileset.rel
                                          [ sprite_mirielanimatedsword_tiles ]
C:/Users/scazz/AppData/Local/Temp/_gbsbuild/obj/sprite_mirielanimatedsword.rel
                                          [ sprite_mirielanimatedsword ]
C:/Users/scazz/AppData/Local/Temp/_gbsbuild/obj/sprite_moneta_tileset.rel
                                          [ sprite_moneta_tileset ]
C:/Users/scazz/AppData/Local/Temp/_gbsbuild/obj/sprite_moneta.rel
                                          [ sprite_moneta ]
C:/Users/scazz/AppData/Local/Temp/_gbsbuild/obj/sprite_npc_tileset.rel
                                          [ sprite_npc_tileset ]
C:/Users/scazz/AppData/Local/Temp/_gbsbuild/obj/sprite_npc.rel
                                          [ sprite_npc ]
C:/Users/scazz/AppData/Local/Temp/_gbsbuild/obj/sprite_npc2_tileset.rel
                                          [ sprite_npc2_tileset ]
C:/Users/scazz/AppData/Local/Temp/_gbsbuild/obj/sprite_npc2.rel
                                          [ sprite_npc2 ]
C:/Users/scazz/AppData/Local/Temp/_gbsbuild/obj/sprite_npc3_tileset.rel
                                          [ sprite_npc3_tileset ]
C:/Users/scazz/AppData/Local/Temp/_gbsbuild/obj/sprite_npc3.rel
                                          [ sprite_npc3 ]
C:/Users/scazz/AppData/Local/Temp/_gbsbuild/obj/sprite_npc4_tileset.rel
                                          [ sprite_npc4_tileset ]
C:/Users/scazz/AppData/Local/Temp/_gbsbuild/obj/sprite_npc4.rel
                                          [ sprite_npc4 ]
C:/Users/scazz/AppData/Local/Temp/_gbsbuild/obj/sprite_npc5_tileset.rel
                                          [ sprite_npc5_tileset ]
C:/Users/scazz/AppData/Local/Temp/_gbsbuild/obj/sprite_npc5.rel
                                          [ sprite_npc5 ]
C:/Users/scazz/AppData/Local/Temp/_gbsbuild/obj/sprite_spada_tileset.rel
                                          [ sprite_spada_tileset ]
C:/Users/scazz/AppData/Local/Temp/_gbsbuild/obj/sprite_spada.rel
                                          [ sprite_spada ]
C:/Users/scazz/AppData/Local/Temp/_gbsbuild/obj/sprite_spada1_tileset.rel
                                          [ sprite_spada1_tileset ]
C:/Users/scazz/AppData/Local/Temp/_gbsbuild/obj/sprite_spada1.rel
                                          [ sprite_spada1 ]
C:/Users/scazz/AppData/Local/Temp/_gbsbuild/obj/sprite_spr12_tileset.rel
                                          [ sprite_spr12_tileset ]
C:/Users/scazz/AppData/Local/Temp/_gbsbuild/obj/sprite_spr12.rel
                                          [ sprite_spr12 ]
C:/Users/scazz/AppData/Local/Temp/_gbsbuild/obj/spritesheet_none.rel
                                          [ spritesheet_none ]
C:/Users/scazz/AppData/Local/Temp/_gbsbuild/obj/trigger_0_interact.rel
                                          [ trigger_0_interact ]
C:/Users/scazz/AppData/Local/Temp/_gbsbuild/obj/trigger_1_interact.rel
                                          [ trigger_1_interact ]
C:/Users/scazz/AppData/Local/Temp/_gbsbuild/obj/trigger_10_interact.rel
                                          [ trigger_10_interact ]
C:/Users/scazz/AppData/Local/Temp/_gbsbuild/obj/trigger_11_interact.rel
                                          [ trigger_11_interact ]
C:/Users/scazz/AppData/Local/Temp/_gbsbuild/obj/trigger_12_interact.rel
                                          [ trigger_12_interact ]
C:/Users/scazz/AppData/Local/Temp/_gbsbuild/obj/trigger_13_interact.rel
                                          [ trigger_13_interact ]
C:/Users/scazz/AppData/Local/Temp/_gbsbuild/obj/trigger_14_interact.rel
                                          [ trigger_14_interact ]
C:/Users/scazz/AppData/Local/Temp/_gbsbuild/obj/trigger_16_interact.rel
                                          [ trigger_16_interact ]
C:/Users/scazz/AppData/Local/Temp/_gbsbuild/obj/trigger_17_interact.rel
                                          [ trigger_17_interact ]
C:/Users/scazz/AppData/Local/Temp/_gbsbuild/obj/trigger_18_interact.rel
                                          [ trigger_18_interact ]
C:/Users/scazz/AppData/Local/Temp/_gbsbuild/obj/trigger_19_interact.rel
                                          [ trigger_19_interact ]
C:/Users/scazz/AppData/Local/Temp/_gbsbuild/obj/trigger_2_interact.rel
                                          [ trigger_2_interact ]
C:/Users/scazz/AppData/Local/Temp/_gbsbuild/obj/trigger_20_interact.rel
                                          [ trigger_20_interact ]
C:/Users/scazz/AppData/Local/Temp/_gbsbuild/obj/trigger_21_interact.rel
                                          [ trigger_21_interact ]
C:/Users/scazz/AppData/Local/Temp/_gbsbuild/obj/trigger_22_interact.rel
                                          [ trigger_22_interact ]
C:/Users/scazz/AppData/Local/Temp/_gbsbuild/obj/trigger_23_interact.rel
                                          [ trigger_23_interact ]
C:/Users/scazz/AppData/Local/Temp/_gbsbuild/obj/trigger_24_interact.rel
                                          [ trigger_24_interact ]
C:/Users/scazz/AppData/Local/Temp/_gbsbuild/obj/trigger_25_interact.rel
                                          [ trigger_25_interact ]
C:/Users/scazz/AppData/Local/Temp/_gbsbuild/obj/trigger_26_interact.rel
                                          [ trigger_26_interact ]
C:/Users/scazz/AppData/Local/Temp/_gbsbuild/obj/trigger_27_interact.rel
                                          [ trigger_27_interact ]
C:/Users/scazz/AppData/Local/Temp/_gbsbuild/obj/trigger_28_interact.rel
                                          [ trigger_28_interact ]
C:/Users/scazz/AppData/Local/Temp/_gbsbuild/obj/trigger_29_interact.rel
                                          [ trigger_29_interact ]
C:/Users/scazz/AppData/Local/Temp/_gbsbuild/obj/trigger_3_interact.rel
                                          [ trigger_3_interact ]
C:/Users/scazz/AppData/Local/Temp/_gbsbuild/obj/trigger_30_interact.rel
                                          [ trigger_30_interact ]
C:/Users/scazz/AppData/Local/Temp/_gbsbuild/obj/trigger_31_interact.rel
                                          [ trigger_31_interact ]
C:/Users/scazz/AppData/Local/Temp/_gbsbuild/obj/trigger_32_interact.rel
                                          [ trigger_32_interact ]
C:/Users/scazz/AppData/Local/Temp/_gbsbuild/obj/trigger_33_interact.rel
                                          [ trigger_33_interact ]
C:/Users/scazz/AppData/Local/Temp/_gbsbuild/obj/trigger_34_interact.rel
                                          [ trigger_34_interact ]
C:/Users/scazz/AppData/Local/Temp/_gbsbuild/obj/trigger_35_interact.rel
                                          [ trigger_35_interact ]
C:/Users/scazz/AppData/Local/Temp/_gbsbuild/obj/trigger_36_interact.rel
                                          [ trigger_36_interact ]
C:/Users/scazz/AppData/Local/Temp/_gbsbuild/obj/trigger_37_interact.rel
                                          [ trigger_37_interact ]
C:/Users/scazz/AppData/Local/Temp/_gbsbuild/obj/trigger_38_interact.rel
                                          [ trigger_38_interact ]
C:/Users/scazz/AppData/Local/Temp/_gbsbuild/obj/trigger_39_interact.rel
                                          [ trigger_39_interact ]
C:/Users/scazz/AppData/Local/Temp/_gbsbuild/obj/trigger_4_interact.rel
                                          [ trigger_4_interact ]
C:/Users/scazz/AppData/Local/Temp/_gbsbuild/obj/trigger_40_interact.rel
                                          [ trigger_40_interact ]
C:/Users/scazz/AppData/Local/Temp/_gbsbuild/obj/trigger_41_interact.rel
                                          [ trigger_41_interact ]
C:/Users/scazz/AppData/Local/Temp/_gbsbuild/obj/trigger_42_interact.rel
                                          [ trigger_42_interact ]
C:/Users/scazz/AppData/Local/Temp/_gbsbuild/obj/trigger_43_interact.rel
                                          [ trigger_43_interact ]
C:/Users/scazz/AppData/Local/Temp/_gbsbuild/obj/trigger_44_interact.rel
                                          [ trigger_44_interact ]
C:/Users/scazz/AppData/Local/Temp/_gbsbuild/obj/trigger_45_interact.rel
                                          [ trigger_45_interact ]
C:/Users/scazz/AppData/Local/Temp/_gbsbuild/obj/trigger_46_interact.rel
                                          [ trigger_46_interact ]
C:/Users/scazz/AppData/Local/Temp/_gbsbuild/obj/trigger_47_interact.rel
                                          [ trigger_47_interact ]
C:/Users/scazz/AppData/Local/Temp/_gbsbuild/obj/trigger_48_interact.rel
                                          [ trigger_48_interact ]
C:/Users/scazz/AppData/Local/Temp/_gbsbuild/obj/trigger_49_interact.rel
                                          [ trigger_49_interact ]
C:/Users/scazz/AppData/Local/Temp/_gbsbuild/obj/trigger_5_interact.rel
                                          [ trigger_5_interact ]
C:/Users/scazz/AppData/Local/Temp/_gbsbuild/obj/trigger_51_interact.rel
                                          [ trigger_51_interact ]
C:/Users/scazz/AppData/Local/Temp/_gbsbuild/obj/trigger_6_interact.rel
                                          [ trigger_6_interact ]
C:/Users/scazz/AppData/Local/Temp/_gbsbuild/obj/trigger_7_interact.rel
                                          [ trigger_7_interact ]
C:/Users/scazz/AppData/Local/Temp/_gbsbuild/obj/trigger_8_interact.rel
                                          [ trigger_8_interact ]
C:/Users/scazz/AppData/Local/Temp/_gbsbuild/obj/trigger_9_interact.rel
                                          [ trigger_9_interact ]
C:/Users/scazz/AppData/Local/Temp/_gbsbuild/obj/main.rel
                                          [ main ]
C:/Users/scazz/AppData/Local/Temp/_gbsbuild/obj/adventure.rel
                                          [ adventure ]
C:/Users/scazz/AppData/Local/Temp/_gbsbuild/obj/logo.rel
                                          [ logo ]
C:/Users/scazz/AppData/Local/Temp/_gbsbuild/obj/platform.rel
                                          [ platform ]
C:/Users/scazz/AppData/Local/Temp/_gbsbuild/obj/pointnclick.rel
                                          [ pointnclick ]
C:/Users/scazz/AppData/Local/Temp/_gbsbuild/obj/shmup.rel
                                          [ shmup ]
C:/Users/scazz/AppData/Local/Temp/_gbsbuild/obj/states_ptrs.rel
                                          [  ]
C:/Users/scazz/AppData/Local/Temp/_gbsbuild/obj/topdown.rel
                                          [ topdown ]


Libraries Linked                          [ object file ]

C:\Users\scazz\AppData\Local\Temp/_gbstools/gbdk/lib/gb/gb.lib
                                          [ fill_rect_wi.o ]
C:\Users\scazz\AppData\Local\Temp/_gbstools/gbdk/lib/sm83/sm83.lib
                                          [ rand.o ]
lib/hUGEDriver.lib                        [ hUGEDriver.o ]
C:\Users\scazz\AppData\Local\Temp/_gbstools/gbdk/lib/gb/gb.lib
                                          [ sfr.o ]
C:\Users\scazz\AppData\Local\Temp/_gbstools/gbdk/lib/gb/gb.lib
                                          [ get_data.o ]
C:\Users\scazz\AppData\Local\Temp/_gbstools/gbdk/lib/gb/gb.lib
                                          [ get_tile.o ]
C:\Users\scazz\AppData\Local\Temp/_gbstools/gbdk/lib/gb/gb.lib
                                          [ cgb_palettes.o ]
C:\Users\scazz\AppData\Local\Temp/_gbstools/gbdk/lib/gb/gb.lib
                                          [ metasprites_hide_spr.o ]
C:\Users\scazz\AppData\Local\Temp/_gbstools/gbdk/lib/sm83/sm83.lib
                                          [ mul.o ]
C:\Users\scazz\AppData\Local\Temp/_gbstools/gbdk/lib/gb/gb.lib
                                          [ set_tile.o ]
C:\Users\scazz\AppData\Local\Temp/_gbstools/gbdk/lib/sm83/sm83.lib
                                          [ abs.o ]
C:\Users\scazz\AppData\Local\Temp/_gbstools/gbdk/lib/gb/gb.lib
                                          [ set_wi_t.o ]
C:\Users\scazz\AppData\Local\Temp/_gbstools/gbdk/lib/gb/gb.lib
                                          [ set_data.o ]
C:\Users\scazz\AppData\Local\Temp/_gbstools/gbdk/lib/sm83/sm83.lib
                                          [ reverse.o ]
C:\Users\scazz\AppData\Local\Temp/_gbstools/gbdk/lib/gb/gb.lib
                                          [ far_ptr.o ]
C:\Users\scazz\AppData\Local\Temp/_gbstools/gbdk/lib/gb/gb.lib
                                          [ sgb.o ]
C:\Users\scazz\AppData\Local\Temp/_gbstools/gbdk/lib/gb/gb.lib
                                          [ lcd.o ]
C:\Users\scazz\AppData\Local\Temp/_gbstools/gbdk/lib/gb/gb.lib
                                          [ fill_rect.o ]
C:\Users\scazz\AppData\Local\Temp/_gbstools/gbdk/lib/gb/gb.lib
                                          [ pad_ex.o ]
C:\Users\scazz\AppData\Local\Temp/_gbstools/gbdk/lib/gb/gb.lib
                                          [ cpy_data.o ]
C:\Users\scazz\AppData\Local\Temp/_gbstools/gbdk/lib/gb/gb.lib
                                          [ fill_rect_bk.o ]
C:\Users\scazz\AppData\Local\Temp/_gbstools/gbdk/lib/gb/gb.lib
                                          [ metasprites.o ]
C:\Users\scazz\AppData\Local\Temp/_gbstools/gbdk/lib/sm83/sm83.lib
                                          [ __sdcc_call_hl.o ]
C:\Users\scazz\AppData\Local\Temp/_gbstools/gbdk/lib/sm83/sm83.lib
                                          [ memcpy.o ]
C:\Users\scazz\AppData\Local\Temp/_gbstools/gbdk/lib/sm83/sm83.lib
                                          [ _memset.o ]
C:\Users\scazz\AppData\Local\Temp/_gbstools/gbdk/lib/gb/gb.lib
                                          [ set_xy_t.o ]
C:\Users\scazz\AppData\Local\Temp/_gbstools/gbdk/lib/gb/gb.lib
                                          [ ___sdcc_bcall_ehl.o ]
C:\Users\scazz\AppData\Local\Temp/_gbstools/gbdk/lib/gb/gb.lib
                                          [ cgb.o ]
C:\Users\scazz\AppData\Local\Temp/_gbstools/gbdk/lib/sm83/sm83.lib
                                          [ div.o ]
C:\Users\scazz\AppData\Local\Temp/_gbstools/gbdk/lib/gb/gb.lib
                                          [ set_bk_t.o ]

ASxxxx Linker V03.00/V05.40 + sdld,  page 85.

User Base Address Definitions

_DATA=0xC0A0
_CODE=0x0200
ASxxxx Linker V03.00/V05.40 + sdld,  page 86.

User Global Definitions

.STACK=0xDF00
_shadow_OAM=0xC000
.refresh_OAM=0xFF80
__start_save=12

